Component: ARM Compiler 5.06 update 7 (build 960) Tool: armlink [4d3601]

==============================================================================

Section Cross References

    startup_stm32f10x_hd.o(RESET) refers to startup_stm32f10x_hd.o(STACK) for __initial_sp
    startup_stm32f10x_hd.o(RESET) refers to startup_stm32f10x_hd.o(.text) for Reset_Handler
    startup_stm32f10x_hd.o(RESET) refers to stm32f10x_it.o(i.NMI_Handler) for NMI_Handler
    startup_stm32f10x_hd.o(RESET) refers to stm32f10x_it.o(i.HardFault_Handler) for HardFault_Handler
    startup_stm32f10x_hd.o(RESET) refers to stm32f10x_it.o(i.MemManage_Handler) for MemManage_Handler
    startup_stm32f10x_hd.o(RESET) refers to stm32f10x_it.o(i.BusFault_Handler) for BusFault_Handler
    startup_stm32f10x_hd.o(RESET) refers to stm32f10x_it.o(i.UsageFault_Handler) for UsageFault_Handler
    startup_stm32f10x_hd.o(RESET) refers to irq_cm3.o(.text) for SVC_Handler
    startup_stm32f10x_hd.o(RESET) refers to stm32f10x_it.o(i.DebugMon_Handler) for DebugMon_Handler
    startup_stm32f10x_hd.o(RESET) refers to stm32f10x_it.o(i.USART1_IRQHandler) for USART1_IRQHandler
    startup_stm32f10x_hd.o(.text) refers to system_stm32f10x.o(i.SystemInit) for SystemInit
    startup_stm32f10x_hd.o(.text) refers to entry.o(.ARM.Collect$$$$00000000) for __main
    system_stm32f10x.o(i.SetSysClock) refers to system_stm32f10x.o(i.SetSysClockTo72) for SetSysClockTo72
    system_stm32f10x.o(i.SystemCoreClockUpdate) refers to system_stm32f10x.o(.data) for SystemCoreClock
    system_stm32f10x.o(i.SystemInit) refers to system_stm32f10x.o(i.SetSysClock) for SetSysClock
    stm32f10x_adc.o(i.ADC_DeInit) refers to stm32f10x_rcc.o(i.RCC_APB2PeriphResetCmd) for RCC_APB2PeriphResetCmd
    stm32f10x_bkp.o(i.BKP_DeInit) refers to stm32f10x_rcc.o(i.RCC_BackupResetCmd) for RCC_BackupResetCmd
    stm32f10x_can.o(i.CAN_DeInit) refers to stm32f10x_rcc.o(i.RCC_APB1PeriphResetCmd) for RCC_APB1PeriphResetCmd
    stm32f10x_can.o(i.CAN_GetITStatus) refers to stm32f10x_can.o(i.CheckITStatus) for CheckITStatus
    stm32f10x_cec.o(i.CEC_DeInit) refers to stm32f10x_rcc.o(i.RCC_APB1PeriphResetCmd) for RCC_APB1PeriphResetCmd
    stm32f10x_dac.o(i.DAC_DeInit) refers to stm32f10x_rcc.o(i.RCC_APB1PeriphResetCmd) for RCC_APB1PeriphResetCmd
    stm32f10x_flash.o(i.FLASH_EnableWriteProtection) refers to stm32f10x_flash.o(i.FLASH_WaitForLastOperation) for FLASH_WaitForLastOperation
    stm32f10x_flash.o(i.FLASH_EraseAllBank1Pages) refers to stm32f10x_flash.o(i.FLASH_WaitForLastBank1Operation) for FLASH_WaitForLastBank1Operation
    stm32f10x_flash.o(i.FLASH_EraseAllPages) refers to stm32f10x_flash.o(i.FLASH_WaitForLastOperation) for FLASH_WaitForLastOperation
    stm32f10x_flash.o(i.FLASH_EraseOptionBytes) refers to stm32f10x_flash.o(i.FLASH_GetReadOutProtectionStatus) for FLASH_GetReadOutProtectionStatus
    stm32f10x_flash.o(i.FLASH_EraseOptionBytes) refers to stm32f10x_flash.o(i.FLASH_WaitForLastOperation) for FLASH_WaitForLastOperation
    stm32f10x_flash.o(i.FLASH_ErasePage) refers to stm32f10x_flash.o(i.FLASH_WaitForLastOperation) for FLASH_WaitForLastOperation
    stm32f10x_flash.o(i.FLASH_ProgramHalfWord) refers to stm32f10x_flash.o(i.FLASH_WaitForLastOperation) for FLASH_WaitForLastOperation
    stm32f10x_flash.o(i.FLASH_ProgramOptionByteData) refers to stm32f10x_flash.o(i.FLASH_WaitForLastOperation) for FLASH_WaitForLastOperation
    stm32f10x_flash.o(i.FLASH_ProgramWord) refers to stm32f10x_flash.o(i.FLASH_WaitForLastOperation) for FLASH_WaitForLastOperation
    stm32f10x_flash.o(i.FLASH_ReadOutProtection) refers to stm32f10x_flash.o(i.FLASH_WaitForLastOperation) for FLASH_WaitForLastOperation
    stm32f10x_flash.o(i.FLASH_UserOptionByteConfig) refers to stm32f10x_flash.o(i.FLASH_WaitForLastOperation) for FLASH_WaitForLastOperation
    stm32f10x_flash.o(i.FLASH_WaitForLastBank1Operation) refers to stm32f10x_flash.o(i.FLASH_GetBank1Status) for FLASH_GetBank1Status
    stm32f10x_flash.o(i.FLASH_WaitForLastOperation) refers to stm32f10x_flash.o(i.FLASH_GetBank1Status) for FLASH_GetBank1Status
    stm32f10x_gpio.o(i.GPIO_AFIODeInit) refers to stm32f10x_rcc.o(i.RCC_APB2PeriphResetCmd) for RCC_APB2PeriphResetCmd
    stm32f10x_gpio.o(i.GPIO_DeInit) refers to stm32f10x_rcc.o(i.RCC_APB2PeriphResetCmd) for RCC_APB2PeriphResetCmd
    stm32f10x_i2c.o(i.I2C_DeInit) refers to stm32f10x_rcc.o(i.RCC_APB1PeriphResetCmd) for RCC_APB1PeriphResetCmd
    stm32f10x_i2c.o(i.I2C_Init) refers to stm32f10x_rcc.o(i.RCC_GetClocksFreq) for RCC_GetClocksFreq
    stm32f10x_pwr.o(i.PWR_DeInit) refers to stm32f10x_rcc.o(i.RCC_APB1PeriphResetCmd) for RCC_APB1PeriphResetCmd
    stm32f10x_rcc.o(i.RCC_GetClocksFreq) refers to stm32f10x_rcc.o(.data) for APBAHBPrescTable
    stm32f10x_rcc.o(i.RCC_WaitForHSEStartUp) refers to stm32f10x_rcc.o(i.RCC_GetFlagStatus) for RCC_GetFlagStatus
    stm32f10x_rtc.o(i.RTC_SetAlarm) refers to stm32f10x_rtc.o(i.RTC_EnterConfigMode) for RTC_EnterConfigMode
[...]
    Removing rtx_mempool.o(i.svcRtxMemoryPoolGetCapacity), (42 bytes).
    Removing rtx_mempool.o(i.svcRtxMemoryPoolGetCount), (42 bytes).
    Removing rtx_mempool.o(i.svcRtxMemoryPoolGetName), (42 bytes).
    Removing rtx_mempool.o(i.svcRtxMemoryPoolGetSpace), (50 bytes).
    Removing rtx_mempool.o(i.svcRtxMemoryPoolNew), (392 bytes).
    Removing rtx_msgqueue.o(.rev16_text), (4 bytes).
    Removing rtx_msgqueue.o(.revsh_text), (4 bytes).
    Removing rtx_msgqueue.o(.rrx_text), (6 bytes).
    Removing rtx_msgqueue.o(.emb_text), (328 bytes).
    Removing rtx_msgqueue.o(i.IsIrqMasked), (24 bytes).
    Removing rtx_msgqueue.o(i.IsIrqMode), (16 bytes).
    Removing rtx_msgqueue.o(i.MessageQueueGet), (52 bytes).
    Removing rtx_msgqueue.o(i.MessageQueuePut), (76 bytes).
    Removing rtx_msgqueue.o(i.MessageQueueRemove), (34 bytes).
    Removing rtx_msgqueue.o(i.isrRtxMessageQueueGet), (130 bytes).
    Removing rtx_msgqueue.o(i.isrRtxMessageQueuePut), (134 bytes).
    Removing rtx_msgqueue.o(i.osMessageQueueDelete), (60 bytes).
    Removing rtx_msgqueue.o(i.osMessageQueueGet), (84 bytes).
    Removing rtx_msgqueue.o(i.osMessageQueueGetCapacity), (48 bytes).
    Removing rtx_msgqueue.o(i.osMessageQueueGetCount), (48 bytes).
    Removing rtx_msgqueue.o(i.osMessageQueueGetMsgSize), (48 bytes).
    Removing rtx_msgqueue.o(i.osMessageQueueGetName), (52 bytes).
    Removing rtx_msgqueue.o(i.osMessageQueueGetSpace), (48 bytes).
    Removing rtx_msgqueue.o(i.osMessageQueueNew), (76 bytes).
    Removing rtx_msgqueue.o(i.osMessageQueuePut), (84 bytes).
    Removing rtx_msgqueue.o(i.osMessageQueueReset), (60 bytes).
    Removing rtx_msgqueue.o(i.osRtxMessageQueuePostProcess), (264 bytes).
    Removing rtx_msgqueue.o(i.svcRtxMessageQueueDelete), (156 bytes).
    Removing rtx_msgqueue.o(i.svcRtxMessageQueueGet), (312 bytes).
    Removing rtx_msgqueue.o(i.svcRtxMessageQueueGetCapacity), (42 bytes).
    Removing rtx_msgqueue.o(i.svcRtxMessageQueueGetCount), (42 bytes).
    Removing rtx_msgqueue.o(i.svcRtxMessageQueueGetMsgSize), (42 bytes).
    Removing rtx_msgqueue.o(i.svcRtxMessageQueueGetName), (42 bytes).
    Removing rtx_msgqueue.o(i.svcRtxMessageQueueGetSpace), (50 bytes).
    Removing rtx_msgqueue.o(i.svcRtxMessageQueueNew), (404 bytes).
    Removing rtx_msgqueue.o(i.svcRtxMessageQueuePut), (296 bytes).
    Removing rtx_msgqueue.o(i.svcRtxMessageQueueReset), (214 bytes).
    Removing rtx_mutex.o(.rev16_text), (4 bytes).
    Removing rtx_mutex.o(.revsh_text), (4 bytes).
    Removing rtx_mutex.o(.rrx_text), (6 bytes).
    Removing rtx_mutex.o(.emb_text), (328 bytes).
    Removing rtx_mutex.o(i.IsIrqMasked), (24 bytes).
    Removing rtx_mutex.o(i.IsIrqMode), (16 bytes).
    Removing rtx_mutex.o(i.osMutexAcquire), (68 bytes).
    Removing rtx_mutex.o(i.osMutexDelete), (60 bytes).
    Removing rtx_mutex.o(i.osMutexGetName), (52 bytes).
    Removing rtx_mutex.o(i.osMutexGetOwner), (52 bytes).
    Removing rtx_mutex.o(i.osMutexNew), (60 bytes).
    Removing rtx_mutex.o(i.osMutexRelease), (60 bytes).
    Removing rtx_mutex.o(i.osRtxMutexOwnerRelease), (102 bytes).
    Removing rtx_mutex.o(i.svcRtxMutexAcquire), (268 bytes).
    Removing rtx_mutex.o(i.svcRtxMutexDelete), (228 bytes).
    Removing rtx_mutex.o(i.svcRtxMutexGetName), (42 bytes).
    Removing rtx_mutex.o(i.svcRtxMutexGetOwner), (58 bytes).
    Removing rtx_mutex.o(i.svcRtxMutexNew), (172 bytes).
    Removing rtx_mutex.o(i.svcRtxMutexRelease), (272 bytes).
    Removing rtx_semaphore.o(.rev16_text), (4 bytes).
    Removing rtx_semaphore.o(.revsh_text), (4 bytes).
    Removing rtx_semaphore.o(.rrx_text), (6 bytes).
    Removing rtx_semaphore.o(.emb_text), (328 bytes).
    Removing rtx_semaphore.o(i.IsIrqMasked), (24 bytes).
    Removing rtx_semaphore.o(i.IsIrqMode), (16 bytes).
    Removing rtx_semaphore.o(i.SemaphoreTokenDecrement), (24 bytes).
    Removing rtx_semaphore.o(i.SemaphoreTokenIncrement), (30 bytes).
    Removing rtx_semaphore.o(i.isrRtxSemaphoreRelease), (88 bytes).
    Removing rtx_semaphore.o(i.osRtxSemaphorePostProcess), (50 bytes).
    Removing rtx_semaphore.o(i.osSemaphoreAcquire), (132 bytes).
    Removing rtx_semaphore.o(i.osSemaphoreDelete), (60 bytes).
    Removing rtx_semaphore.o(i.osSemaphoreGetCount), (48 bytes).
    Removing rtx_semaphore.o(i.osSemaphoreGetName), (52 bytes).
    Removing rtx_semaphore.o(i.osSemaphoreNew), (76 bytes).
    Removing rtx_semaphore.o(i.osSemaphoreRelease), (56 bytes).
    Removing rtx_semaphore.o(i.svcRtxSemaphoreAcquire), (132 bytes).
    Removing rtx_semaphore.o(i.svcRtxSemaphoreDelete), (140 bytes).
    Removing rtx_semaphore.o(i.svcRtxSemaphoreGetCount), (42 bytes).
    Removing rtx_semaphore.o(i.svcRtxSemaphoreGetName), (42 bytes).
    Removing rtx_semaphore.o(i.svcRtxSemaphoreNew), (208 bytes).
    Removing rtx_semaphore.o(i.svcRtxSemaphoreRelease), (124 bytes).
    Removing rtx_system.o(.rev16_text), (4 bytes).
    Removing rtx_system.o(.revsh_text), (4 bytes).
    Removing rtx_system.o(.rrx_text), (6 bytes).
    Removing rtx_system.o(i.isr_queue_put), (60 bytes).
    Removing rtx_system.o(i.osRtxPostProcess), (60 bytes).
    Removing rtx_thread.o(.rev16_text), (4 bytes).
    Removing rtx_thread.o(.revsh_text), (4 bytes).
    Removing rtx_thread.o(.rrx_text), (6 bytes).
    Removing rtx_thread.o(.emb_text), (328 bytes).
    Removing rtx_thread.o(i.IsIrqMasked), (24 bytes).
    Removing rtx_thread.o(i.IsIrqMode), (16 bytes).
    Removing rtx_thread.o(i.ThreadFlagsCheck), (86 bytes).
    Removing rtx_thread.o(i.ThreadFlagsClear), (22 bytes).
    Removing rtx_thread.o(i.ThreadFlagsSet), (22 bytes).
    Removing rtx_thread.o(i.isrRtxThreadFlagsSet), (100 bytes).
    Removing rtx_thread.o(i.osRtxThreadDelayInsert), (104 bytes).
    Removing rtx_thread.o(i.osRtxThreadDelayRemove), (92 bytes).
    Removing rtx_thread.o(i.osRtxThreadFree), (100 bytes).
    Removing rtx_thread.o(i.osRtxThreadListGet), (26 bytes).
    Removing rtx_thread.o(i.osRtxThreadListUnlink), (32 bytes).
    Removing rtx_thread.o(i.osRtxThreadPostProcess), (52 bytes).
    Removing rtx_thread.o(i.osRtxThreadSetRunning), (12 bytes).
    Removing rtx_thread.o(i.osRtxThreadStartup), (76 bytes).
    Removing rtx_thread.o(i.osRtxThreadWaitEnter), (76 bytes).
    Removing rtx_thread.o(i.osRtxThreadWaitExit), (54 bytes).
    Removing rtx_thread.o(i.osThreadDetach), (60 bytes).
    Removing rtx_thread.o(i.osThreadEnumerate), (56 bytes).
    Removing rtx_thread.o(i.osThreadExit), (32 bytes).
    Removing rtx_thread.o(i.osThreadFlagsClear), (60 bytes).
    Removing rtx_thread.o(i.osThreadFlagsGet), (44 bytes).
    Removing rtx_thread.o(i.osThreadFlagsSet), (64 bytes).
    Removing rtx_thread.o(i.osThreadFlagsWait), (76 bytes).
    Removing rtx_thread.o(i.osThreadGetCount), (44 bytes).
    Removing rtx_thread.o(i.osThreadGetId), (44 bytes).
    Removing rtx_thread.o(i.osThreadGetName), (52 bytes).
    Removing rtx_thread.o(i.osThreadGetPriority), (56 bytes).
    Removing rtx_thread.o(i.osThreadGetStackSize), (52 bytes).
    Removing rtx_thread.o(i.osThreadGetStackSpace), (52 bytes).
    Removing rtx_thread.o(i.osThreadGetState), (56 bytes).
    Removing rtx_thread.o(i.osThreadJoin), (60 bytes).
    Removing rtx_thread.o(i.osThreadNew), (76 bytes).
    Removing rtx_thread.o(i.osThreadResume), (60 bytes).
    Removing rtx_thread.o(i.osThreadSetPriority), (68 bytes).
    Removing rtx_thread.o(i.osThreadSuspend), (60 bytes).
    Removing rtx_thread.o(i.osThreadTerminate), (60 bytes).
    Removing rtx_thread.o(i.osThreadYield), (56 bytes).
    Removing rtx_thread.o(i.svcRtxThreadDetach), (104 bytes).
    Removing rtx_thread.o(i.svcRtxThreadEnumerate), (120 bytes).
    Removing rtx_thread.o(i.svcRtxThreadExit), (140 bytes).
    Removing rtx_thread.o(i.svcRtxThreadFlagsClear), (70 bytes).
    Removing rtx_thread.o(i.svcRtxThreadFlagsGet), (30 bytes).
    Removing rtx_thread.o(i.svcRtxThreadFlagsSet), (154 bytes).
    Removing rtx_thread.o(i.svcRtxThreadFlagsWait), (146 bytes).
    Removing rtx_thread.o(i.svcRtxThreadGetCount), (60 bytes).
    Removing rtx_thread.o(i.svcRtxThreadGetId), (18 bytes).
    Removing rtx_thread.o(i.svcRtxThreadGetName), (42 bytes).
    Removing rtx_thread.o(i.svcRtxThreadGetPriority), (74 bytes).
    Removing rtx_thread.o(i.svcRtxThreadGetStackSize), (42 bytes).
    Removing rtx_thread.o(i.svcRtxThreadGetStackSpace), (112 bytes).
    Removing rtx_thread.o(i.svcRtxThreadGetState), (58 bytes).
    Removing rtx_thread.o(i.svcRtxThreadJoin), (164 bytes).
    Removing rtx_thread.o(i.svcRtxThreadNew), (632 bytes).
    Removing rtx_thread.o(i.svcRtxThreadResume), (88 bytes).
    Removing rtx_thread.o(i.svcRtxThreadSetPriority), (110 bytes).
    Removing rtx_thread.o(i.svcRtxThreadSuspend), (196 bytes).
    Removing rtx_thread.o(i.svcRtxThreadTerminate), (272 bytes).
    Removing rtx_thread.o(i.svcRtxThreadYield), (68 bytes).
    Removing rtx_timer.o(.rev16_text), (4 bytes).
    Removing rtx_timer.o(.revsh_text), (4 bytes).
    Removing rtx_timer.o(.rrx_text), (6 bytes).
    Removing rtx_timer.o(.emb_text), (328 bytes).
    Removing rtx_timer.o(i.IsIrqMasked), (24 bytes).
    Removing rtx_timer.o(i.IsIrqMode), (16 bytes).
    Removing rtx_timer.o(i.TimerInsert), (64 bytes).
    Removing rtx_timer.o(i.TimerRemove), (48 bytes).
    Removing rtx_timer.o(i.TimerUnlink), (24 bytes).
    Removing rtx_timer.o(i.osRtxTimerThread), (80 bytes).
    Removing rtx_timer.o(i.osRtxTimerTick), (92 bytes).
    Removing rtx_timer.o(i.osTimerDelete), (60 bytes).
    Removing rtx_timer.o(i.osTimerGetName), (52 bytes).
    Removing rtx_timer.o(i.osTimerIsRunning), (52 bytes).
    Removing rtx_timer.o(i.osTimerNew), (80 bytes).
    Removing rtx_timer.o(i.osTimerStart), (68 bytes).
    Removing rtx_timer.o(i.osTimerStop), (60 bytes).
    Removing rtx_timer.o(i.svcRtxTimerDelete), (108 bytes).
    Removing rtx_timer.o(i.svcRtxTimerGetName), (42 bytes).
    Removing rtx_timer.o(i.svcRtxTimerIsRunning), (62 bytes).
    Removing rtx_timer.o(i.svcRtxTimerNew), (212 bytes).
    Removing rtx_timer.o(i.svcRtxTimerStart), (104 bytes).
    Removing rtx_timer.o(i.svcRtxTimerStop), (76 bytes).
    Removing os_systick.o(.rev16_text), (4 bytes).
    Removing os_systick.o(.revsh_text), (4 bytes).
    Removing os_systick.o(.rrx_text), (6 bytes).
    Removing os_systick.o(i.OS_Tick_Disable), (52 bytes).
    Removing os_systick.o(i.OS_Tick_Enable), (48 bytes).
    Removing os_systick.o(i.OS_Tick_GetClock), (12 bytes).
    Removing os_systick.o(i.OS_Tick_GetCount), (12 bytes).
    Removing os_systick.o(i.OS_Tick_GetIRQn), (6 bytes).
    Removing os_systick.o(i.OS_Tick_GetInterval), (10 bytes).
    Removing os_systick.o(i.OS_Tick_GetOverflow), (12 bytes).
    Removing os_systick.o(i.OS_Tick_Setup), (80 bytes).
    Removing os_systick.o(.data), (1 bytes).
    Removing rtx_config.o(.rev16_text), (4 bytes).
    Removing rtx_config.o(.revsh_text), (4 bytes).
    Removing rtx_config.o(.rrx_text), (6 bytes).
    Removing rtx_config.o(i.osRtxIdleThread), (4 bytes).
    Removing dadd.o(.text), (334 bytes).
    Removing dfixul.o(.text), (48 bytes).
    Removing cdrcmple.o(.text), (48 bytes).

1007 unused section(s) (total 42556 bytes) removed from the image.

==============================================================================

Image Symbol Table

    Local Symbols

    Symbol Name                              Value     Ov Type        Size  Object(Section)

    ../clib/../cmprslib/zerorunl2.c          0x00000000   Number         0  __dczerorl2.o ABSOLUTE
    ../clib/microlib/ctype/ctype.c           0x00000000   Number         0  isspace_c.o ABSOLUTE
    ../clib/microlib/ctype/ctype.c           0x00000000   Number         0  ctype_c.o ABSOLUTE
    ../clib/microlib/division.c              0x00000000   Number         0  uidiv.o ABSOLUTE
    ../clib/microlib/division.c              0x00000000   Number         0  uldiv.o ABSOLUTE
    ../clib/microlib/init/entry.s            0x00000000   Number         0  entry12a.o ABSOLUTE
    ../clib/microlib/init/entry.s            0x00000000   Number         0  entry8a.o ABSOLUTE
    ../clib/microlib/init/entry.s            0x00000000   Number         0  entry8b.o ABSOLUTE
    ../clib/microlib/init/entry.s            0x00000000   Number         0  entry11b.o ABSOLUTE
    ../clib/microlib/init/entry.s            0x00000000   Number         0  entry7b.o ABSOLUTE
    ../clib/microlib/init/entry.s            0x00000000   Number         0  entry7a.o ABSOLUTE
    ../clib/microlib/init/entry.s            0x00000000   Number         0  entry5.o ABSOLUTE
    ../clib/microlib/init/entry.s            0x00000000   Number         0  entry2.o ABSOLUTE
    ../clib/microlib/init/entry.s            0x00000000   Number         0  entry9a.o ABSOLUTE
    ../clib/microlib/init/entry.s            0x00000000   Number         0  entry11a.o ABSOLUTE
    ../clib/microlib/init/entry.s            0x00000000   Number         0  entry9b.o ABSOLUTE
    ../clib/microlib/init/entry.s            0x00000000   Number         0  entry10a.o ABSOLUTE
    ../clib/microlib/init/entry.s            0x00000000   Number         0  entry10b.o ABSOLUTE
    ../clib/microlib/init/entry.s            0x00000000   Number         0  entry12b.o ABSOLUTE
    ../clib/microlib/init/entry.s            0x00000000   Number         0  entry.o ABSOLUTE
    ../clib/microlib/longlong.c              0x00000000   Number         0  llsshr.o ABSOLUTE
    ../clib/microlib/longlong.c              0x00000000   Number         0  llshl.o ABSOLUTE
    ../clib/microlib/longlong.c              0x00000000   Number         0  llushr.o ABSOLUTE
    ../clib/microlib/printf/printf.c         0x00000000   Number         0  printf5.o ABSOLUTE
    ../clib/microlib/printf/printf.c         0x00000000   Number         0  printf6.o ABSOLUTE
    ../clib/microlib/printf/printf.c         0x00000000   Number         0  printf8.o ABSOLUTE
    ../clib/microlib/printf/printf.c         0x00000000   Number         0  printfa.o ABSOLUTE
    ../clib/microlib/printf/printf.c         0x00000000   Number         0  printf1.o ABSOLUTE
    ../clib/microlib/printf/printf.c         0x00000000   Number         0  printf7.o ABSOLUTE
    ../clib/microlib/printf/printf.c         0x00000000   Number         0  printfb.o ABSOLUTE
    ../clib/microlib/printf/printf.c         0x00000000   Number         0  printf0.o ABSOLUTE
    ../clib/microlib/printf/printf.c         0x00000000   Number         0  printf2.o ABSOLUTE
    ../clib/microlib/printf/printf.c         0x00000000   Number         0  printf3.o ABSOLUTE
    ../clib/microlib/printf/printf.c         0x00000000   Number         0  printf4.o ABSOLUTE
    ../clib/microlib/printf/stubs.s          0x00000000   Number         0  stubs.o ABSOLUTE
    ../clib/microlib/stdio/streams.c         0x00000000   Number         0  stdout.o ABSOLUTE
    ../clib/microlib/string/memcpy.c         0x00000000   Number         0  memcpyb.o ABSOLUTE
    ../clib/microlib/string/memcpy.c         0x00000000   Number         0  memcpya.o ABSOLUTE
    ../clib/microlib/string/memset.c         0x00000000   Number         0  memseta.o ABSOLUTE
    ../clib/microlib/stubs.s                 0x00000000   Number         0  iusefp.o ABSOLUTE
    ../clib/scanf.c                          0x00000000   Number         0  _sgetc.o ABSOLUTE
    ../clib/scanf.c                          0x00000000   Number         0  _scanf.o ABSOLUTE
    ../clib/scanf.c                          0x00000000   Number         0  __0sscanf.o ABSOLUTE
    ../clib/scanf.c                          0x00000000   Number         0  scanf_char.o ABSOLUTE
    ../clib/scanf.c                          0x00000000   Number         0  scanf_fp.o ABSOLUTE
    ../fplib/microlib/d2f.c                  0x00000000   Number         0  d2f.o ABSOLUTE
    ../fplib/microlib/fpadd.c                0x00000000   Number         0  dadd.o ABSOLUTE
    ../fplib/microlib/fpdiv.c                0x00000000   Number         0  ddiv.o ABSOLUTE
    ../fplib/microlib/fpepilogue.c           0x00000000   Number         0  depilogue.o ABSOLUTE
    ../fplib/microlib/fpepilogue.c           0x00000000   Number         0  fepilogue.o ABSOLUTE
    ../fplib/microlib/fpfix.c                0x00000000   Number         0  dfixul.o ABSOLUTE
    ../fplib/microlib/fpflt.c                0x00000000   Number         0  dfltul.o ABSOLUTE
    ../fplib/microlib/fpmul.c                0x00000000   Number         0  dmul.o ABSOLUTE
    ..\..\Libraries\CMSIS\core_cm3.c         0x00000000   Number         0  core_cm3.o ABSOLUTE
    ..\..\Libraries\CMSIS\startup\startup_stm32f10x_hd.s 0x00000000   Number         0  startup_stm32f10x_hd.o ABSOLUTE
    ..\..\Libraries\CMSIS\system_stm32f10x.c 0x00000000   Number         0  system_stm32f10x.o ABSOLUTE
    ..\..\Libraries\FWlib\src\misc.c         0x00000000   Number         0  misc.o ABSOLUTE
    ..\..\Libraries\FWlib\src\stm32f10x_adc.c 0x00000000   Number         0  stm32f10x_adc.o ABSOLUTE
    ..\..\Libraries\FWlib\src\stm32f10x_bkp.c 0x00000000   Number         0  stm32f10x_bkp.o ABSOLUTE
    ..\..\Libraries\FWlib\src\stm32f10x_can.c 0x00000000   Number         0  stm32f10x_can.o ABSOLUTE
    ..\..\Libraries\FWlib\src\stm32f10x_cec.c 0x00000000   Number         0  stm32f10x_cec.o ABSOLUTE
    ..\..\Libraries\FWlib\src\stm32f10x_crc.c 0x00000000   Number         0  stm32f10x_crc.o ABSOLUTE
    ..\..\Libraries\FWlib\src\stm32f10x_dac.c 0x00000000   Number         0  stm32f10x_dac.o ABSOLUTE
    ..\..\Libraries\FWlib\src\stm32f10x_dbgmcu.c 0x00000000   Number         0  stm32f10x_dbgmcu.o ABSOLUTE
    ..\..\Libraries\FWlib\src\stm32f10x_dma.c 0x00000000   Number         0  stm32f10x_dma.o ABSOLUTE
    ..\..\Libraries\FWlib\src\stm32f10x_exti.c 0x00000000   Number         0  stm32f10x_exti.o ABSOLUTE
    ..\..\Libraries\FWlib\src\stm32f10x_flash.c 0x00000000   Number         0  stm32f10x_flash.o ABSOLUTE
    ..\..\Libraries\FWlib\src\stm32f10x_fsmc.c 0x00000000   Number         0  stm32f10x_fsmc.o ABSOLUTE
    ..\..\Libraries\FWlib\src\stm32f10x_gpio.c 0x00000000   Number         0  stm32f10x_gpio.o ABSOLUTE
    ..\..\Libraries\FWlib\src\stm32f10x_i2c.c 0x00000000   Number         0  stm32f10x_i2c.o ABSOLUTE
    ..\..\Libraries\FWlib\src\stm32f10x_iwdg.c 0x00000000   Number         0  stm32f10x_iwdg.o ABSOLUTE
    ..\..\Libraries\FWlib\src\stm32f10x_pwr.c 0x00000000   Number         0  stm32f10x_pwr.o ABSOLUTE
    ..\..\Libraries\FWlib\src\stm32f10x_rcc.c 0x00000000   Number         0  stm32f10x_rcc.o ABSOLUTE
    ..\..\Libraries\FWlib\src\stm32f10x_rtc.c 0x00000000   Number         0  stm32f10x_rtc.o ABSOLUTE
    ..\..\Libraries\FWlib\src\stm32f10x_sdio.c 0x00000000   Number         0  stm32f10x_sdio.o ABSOLUTE
    ..\..\Libraries\FWlib\src\stm32f10x_spi.c 0x00000000   Number         0  stm32f10x_spi.o ABSOLUTE
    ..\..\Libraries\FWlib\src\stm32f10x_tim.c 0x00000000   Number         0  stm32f10x_tim.o ABSOLUTE
    ..\..\Libraries\FWlib\src\stm32f10x_usart.c 0x00000000   Number         0  stm32f10x_usart.o ABSOLUTE
    ..\..\Libraries\FWlib\src\stm32f10x_wwdg.c 0x00000000   Number         0  stm32f10x_wwdg.o ABSOLUTE
    ..\..\User\flash\bsp_spi_flash.c         0x00000000   Number         0  bsp_spi_flash.o ABSOLUTE
    ..\..\User\led\bsp_led.c                 0x00000000   Number         0  bsp_led.o ABSOLUTE
    ..\..\User\main.c                        0x00000000   Number         0  main.o ABSOLUTE
    ..\..\User\stm32f10x_it.c                0x00000000   Number         0  stm32f10x_it.o ABSOLUTE
    ..\..\User\usart\bsp_usart.c             0x00000000   Number         0  bsp_usart.o ABSOLUTE
    ..\\..\\Libraries\\CMSIS\\core_cm3.c     0x00000000   Number         0  core_cm3.o ABSOLUTE
    ..\\..\\Libraries\\FWlib\\src\\misc.c    0x00000000   Number         0  misc.o ABSOLUTE
    ..\\..\\Libraries\\FWlib\\src\\stm32f10x_adc.c 0x00000000   Number         0  stm32f10x_adc.o ABSOLUTE
    ..\\..\\Libraries\\FWlib\\src\\stm32f10x_bkp.c 0x00000000   Number         0  stm32f10x_bkp.o ABSOLUTE
    ..\\..\\Libraries\\FWlib\\src\\stm32f10x_can.c 0x00000000   Number         0  stm32f10x_can.o ABSOLUTE
    ..\\..\\Libraries\\FWlib\\src\\stm32f10x_cec.c 0x00000000   Number         0  stm32f10x_cec.o ABSOLUTE
    ..\\..\\Libraries\\FWlib\\src\\stm32f10x_crc.c 0x00000000   Number         0  stm32f10x_crc.o ABSOLUTE
    ..\\..\\Libraries\\FWlib\\src\\stm32f10x_dac.c 0x00000000   Number         0  stm32f10x_dac.o ABSOLUTE
    ..\\..\\Libraries\\FWlib\\src\\stm32f10x_dbgmcu.c 0x00000000   Number         0  stm32f10x_dbgmcu.o ABSOLUTE
    ..\\..\\Libraries\\FWlib\\src\\stm32f10x_dma.c 0x00000000   Number         0  stm32f10x_dma.o ABSOLUTE
    ..\\..\\Libraries\\FWlib\\src\\stm32f10x_exti.c 0x00000000   Number         0  stm32f10x_exti.o ABSOLUTE
    ..\\..\\Libraries\\FWlib\\src\\stm32f10x_flash.c 0x00000000   Number         0  stm32f10x_flash.o ABSOLUTE
    ..\\..\\Libraries\\FWlib\\src\\stm32f10x_fsmc.c 0x00000000   Number         0  stm32f10x_fsmc.o ABSOLUTE
    ..\\..\\Libraries\\FWlib\\src\\stm32f10x_gpio.c 0x00000000   Number         0  stm32f10x_gpio.o ABSOLUTE
    ..\\..\\Libraries\\FWlib\\src\\stm32f10x_i2c.c 0x00000000   Number         0  stm32f10x_i2c.o ABSOLUTE
    ..\\..\\Libraries\\FWlib\\src\\stm32f10x_iwdg.c 0x00000000   Number         0  stm32f10x_iwdg.o ABSOLUTE
    ..\\..\\Libraries\\FWlib\\src\\stm32f10x_pwr.c 0x00000000   Number         0  stm32f10x_pwr.o ABSOLUTE
    ..\\..\\Libraries\\FWlib\\src\\stm32f10x_rcc.c 0x00000000   Number         0  stm32f10x_rcc.o ABSOLUTE
    ..\\..\\Libraries\\FWlib\\src\\stm32f10x_rtc.c 0x00000000   Number         0  stm32f10x_rtc.o ABSOLUTE
    ..\\..\\Libraries\\FWlib\\src\\stm32f10x_sdio.c 0x00000000   Number         0  stm32f10x_sdio.o ABSOLUTE
    ..\\..\\Libraries\\FWlib\\src\\stm32f10x_spi.c 0x00000000   Number         0  stm32f10x_spi.o ABSOLUTE
    ..\\..\\Libraries\\FWlib\\src\\stm32f10x_tim.c 0x00000000   Number         0  stm32f10x_tim.o ABSOLUTE
    ..\\..\\Libraries\\FWlib\\src\\stm32f10x_usart.c 0x00000000   Number         0  stm32f10x_usart.o ABSOLUTE
    ..\\..\\Libraries\\FWlib\\src\\stm32f10x_wwdg.c 0x00000000   Number         0  stm32f10x_wwdg.o ABSOLUTE
    ..\\..\\User\\flash\\bsp_spi_flash.c     0x00000000   Number         0  bsp_spi_flash.o ABSOLUTE
    ..\\..\\User\\led\\bsp_led.c             0x00000000   Number         0  bsp_led.o ABSOLUTE
    ..\\..\\User\\main.c                     0x00000000   Number         0  main.o ABSOLUTE
    ..\\..\\User\\stm32f10x_it.c             0x00000000   Number         0  stm32f10x_it.o ABSOLUTE
    ..\\..\\User\\usart\\bsp_usart.c         0x00000000   Number         0  bsp_usart.o ABSOLUTE
    D:\\keil_set\\ARM\\CMSIS\\5.7.0\\CMSIS\\RTOS2\\RTX\\Source\\rtx_delay.c 0x00000000   Number         0  rtx_delay.o ABSOLUTE
    D:\\keil_set\\ARM\\CMSIS\\5.7.0\\CMSIS\\RTOS2\\RTX\\Source\\rtx_evflags.c 0x00000000   Number         0  rtx_evflags.o ABSOLUTE
    D:\\keil_set\\ARM\\CMSIS\\5.7.0\\CMSIS\\RTOS2\\RTX\\Source\\rtx_evr.c 0x00000000   Number         0  rtx_evr.o ABSOLUTE
    D:\\keil_set\\ARM\\CMSIS\\5.7.0\\CMSIS\\RTOS2\\RTX\\Source\\rtx_kernel.c 0x00000000   Number         0  rtx_kernel.o ABSOLUTE
    D:\\keil_set\\ARM\\CMSIS\\5.7.0\\CMSIS\\RTOS2\\RTX\\Source\\rtx_lib.c 0x00000000   Number         0  rtx_lib.o ABSOLUTE
    D:\\keil_set\\ARM\\CMSIS\\5.7.0\\CMSIS\\RTOS2\\RTX\\Source\\rtx_memory.c 0x00000000   Number         0  rtx_memory.o ABSOLUTE
    D:\\keil_set\\ARM\\CMSIS\\5.7.0\\CMSIS\\RTOS2\\RTX\\Source\\rtx_mempool.c 0x00000000   Number         0  rtx_mempool.o ABSOLUTE
    D:\\keil_set\\ARM\\CMSIS\\5.7.0\\CMSIS\\RTOS2\\RTX\\Source\\rtx_msgqueue.c 0x00000000   Number         0  rtx_msgqueue.o ABSOLUTE
    D:\\keil_set\\ARM\\CMSIS\\5.7.0\\CMSIS\\RTOS2\\RTX\\Source\\rtx_mutex.c 0x00000000   Number         0  rtx_mutex.o ABSOLUTE
    D:\\keil_set\\ARM\\CMSIS\\5.7.0\\CMSIS\\RTOS2\\RTX\\Source\\rtx_semaphore.c 0x00000000   Number         0  rtx_semaphore.o ABSOLUTE
    D:\\keil_set\\ARM\\CMSIS\\5.7.0\\CMSIS\\RTOS2\\RTX\\Source\\rtx_system.c 0x00000000   Number         0  rtx_system.o ABSOLUTE
    D:\\keil_set\\ARM\\CMSIS\\5.7.0\\CMSIS\\RTOS2\\RTX\\Source\\rtx_thread.c 0x00000000   Number         0  rtx_thread.o ABSOLUTE
    D:\\keil_set\\ARM\\CMSIS\\5.7.0\\CMSIS\\RTOS2\\RTX\\Source\\rtx_timer.c 0x00000000   Number         0  rtx_timer.o ABSOLUTE
    D:\\keil_set\\ARM\\CMSIS\\5.7.0\\CMSIS\\RTOS2\\Source\\os_systick.c 0x00000000   Number         0  os_systick.o ABSOLUTE
    D:\keil_set\ARM\CMSIS\5.7.0\CMSIS\RTOS2\RTX\Source\ARM\irq_cm3.s 0x00000000   Number         0  irq_cm3.o ABSOLUTE
    D:\keil_set\ARM\CMSIS\5.7.0\CMSIS\RTOS2\RTX\Source\rtx_delay.c 0x00000000   Number         0  rtx_delay.o ABSOLUTE
    D:\keil_set\ARM\CMSIS\5.7.0\CMSIS\RTOS2\RTX\Source\rtx_evflags.c 0x00000000   Number         0  rtx_evflags.o ABSOLUTE
    D:\keil_set\ARM\CMSIS\5.7.0\CMSIS\RTOS2\RTX\Source\rtx_evr.c 0x00000000   Number         0  rtx_evr.o ABSOLUTE
    D:\keil_set\ARM\CMSIS\5.7.0\CMSIS\RTOS2\RTX\Source\rtx_kernel.c 0x00000000   Number         0  rtx_kernel.o ABSOLUTE
    D:\keil_set\ARM\CMSIS\5.7.0\CMSIS\RTOS2\RTX\Source\rtx_lib.c 0x00000000   Number         0  rtx_lib.o ABSOLUTE
    D:\keil_set\ARM\CMSIS\5.7.0\CMSIS\RTOS2\RTX\Source\rtx_memory.c 0x00000000   Number         0  rtx_memory.o ABSOLUTE
    D:\keil_set\ARM\CMSIS\5.7.0\CMSIS\RTOS2\RTX\Source\rtx_mempool.c 0x00000000   Number         0  rtx_mempool.o ABSOLUTE
    D:\keil_set\ARM\CMSIS\5.7.0\CMSIS\RTOS2\RTX\Source\rtx_msgqueue.c 0x00000000   Number         0  rtx_msgqueue.o ABSOLUTE
    D:\keil_set\ARM\CMSIS\5.7.0\CMSIS\RTOS2\RTX\Source\rtx_mutex.c 0x00000000   Number         0  rtx_mutex.o ABSOLUTE
    D:\keil_set\ARM\CMSIS\5.7.0\CMSIS\RTOS2\RTX\Source\rtx_semaphore.c 0x00000000   Number         0  rtx_semaphore.o ABSOLUTE
    D:\keil_set\ARM\CMSIS\5.7.0\CMSIS\RTOS2\RTX\Source\rtx_system.c 0x00000000   Number         0  rtx_system.o ABSOLUTE
    D:\keil_set\ARM\CMSIS\5.7.0\CMSIS\RTOS2\RTX\Source\rtx_thread.c 0x00000000   Number         0  rtx_thread.o ABSOLUTE
    D:\keil_set\ARM\CMSIS\5.7.0\CMSIS\RTOS2\RTX\Source\rtx_timer.c 0x00000000   Number         0  rtx_timer.o ABSOLUTE
    D:\keil_set\ARM\CMSIS\5.7.0\CMSIS\RTOS2\Source\os_systick.c 0x00000000   Number         0  os_systick.o ABSOLUTE
    RTE\CMSIS\RTX_Config.c                   0x00000000   Number         0  rtx_config.o ABSOLUTE
    RTE\\CMSIS\\RTX_Config.c                 0x00000000   Number         0  rtx_config.o ABSOLUTE
    cdrcmple.s                               0x00000000   Number         0  cdrcmple.o ABSOLUTE
    dc.s                                     0x00000000   Number         0  dc.o ABSOLUTE
    handlers.s                               0x00000000   Number         0  handlers.o ABSOLUTE
    init.s                                   0x00000000   Number         0  init.o ABSOLUTE
    RESET                                    0x08000000   Section      304  startup_stm32f10x_hd.o(RESET)
    .ARM.Collect$$$$00000000                 0x08000130   Section        0  entry.o(.ARM.Collect$$$$00000000)
    .ARM.Collect$$$$00000001                 0x08000130   Section        4  entry2.o(.ARM.Collect$$$$00000001)
    .ARM.Collect$$$$00000004                 0x08000134   Section        4  entry5.o(.ARM.Collect$$$$00000004)
    .ARM.Collect$$$$00000008                 0x08000138   Section        0  entry7b.o(.ARM.Collect$$$$00000008)
    .ARM.Collect$$$$0000000A                 0x08000138   Section        0  entry8b.o(.ARM.Collect$$$$0000000A)
    .ARM.Collect$$$$0000000B                 0x08000138   Section        8  entry9a.o(.ARM.Collect$$$$0000000B)
    .ARM.Collect$$$$0000000E                 0x08000140   Section        4  entry12b.o(.ARM.Collect$$$$0000000E)
    .ARM.Collect$$$$0000000F                 0x08000144   Section        0  entry10a.o(.ARM.Collect$$$$0000000F)
    .ARM.Collect$$$$00000011                 0x08000144   Section        0  entry11a.o(.ARM.Collect$$$$00000011)
    .ARM.Collect$$$$00002712                 0x08000144   Section        4  entry2.o(.ARM.Collect$$$$00002712)
    __lit__00000000                          0x08000144   Data           4  entry2.o(.ARM.Collect$$$$00002712)
    .emb_text                                0x08000148   Section      328  rtx_system.o(.emb_text)
    .text                                    0x08000290   Section       36  startup_stm32f10x_hd.o(.text)
    .text                                    0x080002b4   Section      148  irq_cm3.o(.text)
    .text                                    0x08000348   Section        0  __0sscanf.o(.text)
    .text                                    0x08000380   Section        0  scanf_fp.o(.text)
    _fp_value                                0x08000381   Thumb Code   296  scanf_fp.o(.text)
    .text                                    0x080006e0   Section        0  uldiv.o(.text)
    .text                                    0x08000744   Section        0  scanf_char.o(.text)
    _scanf_char_input                        0x08000745   Thumb Code    12  scanf_char.o(.text)
    .text                                    0x0800076c   Section        0  _sgetc.o(.text)
    .text                                    0x080007ac   Section        0  iusefp.o(.text)
    .text                                    0x080007ac   Section        0  dmul.o(.text)
    .text                                    0x08000890   Section        0  ddiv.o(.text)
    .text                                    0x0800096e   Section        0  dfltul.o(.text)
    .text                                    0x08000986   Section        0  d2f.o(.text)
    .text                                    0x080009c0   Section       36  init.o(.text)
    .text                                    0x080009e4   Section        0  llshl.o(.text)
    .text                                    0x08000a02   Section        0  llushr.o(.text)
    .text                                    0x08000a22   Section        0  isspace_c.o(.text)
    .text                                    0x08000a2c   Section        0  _scanf.o(.text)
    .text                                    0x08000d5c   Section        0  fepilogue.o(.text)
    .text                                    0x08000dca   Section        0  depilogue.o(.text)
    .text                                    0x08000e84   Section        0  ctype_c.o(.text)
    .text                                    0x08000eac   Section        0  __dczerorl2.o(.text)
    i.Buffercmp                              0x08000f02   Section        0  main.o(i.Buffercmp)
    i.BusFault_Handler                       0x08000f26   Section        0  stm32f10x_it.o(i.BusFault_Handler)
    i.DebugMon_Handler                       0x08000f2a   Section        0  stm32f10x_it.o(i.DebugMon_Handler)
    i.Delay                                  0x08000f2c   Section        0  main.o(i.Delay)
    i.EvrRtxDelayCompleted                   0x08000f3e   Section        0  rtx_evr.o(i.EvrRtxDelayCompleted)
    i.EvrRtxEventFlagsWaitTimeout            0x08000f40   Section        0  rtx_evr.o(i.EvrRtxEventFlagsWaitTimeout)
    i.EvrRtxMemoryPoolAllocTimeout           0x08000f42   Section        0  rtx_evr.o(i.EvrRtxMemoryPoolAllocTimeout)
    i.EvrRtxMessageQueueGetTimeout           0x08000f44   Section        0  rtx_evr.o(i.EvrRtxMessageQueueGetTimeout)
    i.EvrRtxMessageQueuePutTimeout           0x08000f46   Section        0  rtx_evr.o(i.EvrRtxMessageQueuePutTimeout)
    i.EvrRtxMutexAcquireTimeout              0x08000f48   Section        0  rtx_evr.o(i.EvrRtxMutexAcquireTimeout)
    i.EvrRtxSemaphoreAcquireTimeout          0x08000f4a   Section        0  rtx_evr.o(i.EvrRtxSemaphoreAcquireTimeout)
    i.EvrRtxThreadFlagsWaitTimeout           0x08000f4c   Section        0  rtx_evr.o(i.EvrRtxThreadFlagsWaitTimeout)
    i.EvrRtxThreadPreempted                  0x08000f4e   Section        0  rtx_evr.o(i.EvrRtxThreadPreempted)
    i.EvrRtxThreadSwitched                   0x08000f50   Section        0  rtx_evr.o(i.EvrRtxThreadSwitched)
    i.EvrRtxThreadUnblocked                  0x08000f52   Section        0  rtx_evr.o(i.EvrRtxThreadUnblocked)
    i.GPIO_Init                              0x08000f54   Section        0  stm32f10x_gpio.o(i.GPIO_Init)
    i.GPIO_ResetBits                         0x0800106a   Section        0  stm32f10x_gpio.o(i.GPIO_ResetBits)
    i.GPIO_SetBits                           0x0800106e   Section        0  stm32f10x_gpio.o(i.GPIO_SetBits)
    i.HardFault_Handler                      0x08001072   Section        0  stm32f10x_it.o(i.HardFault_Handler)
    i.LED_GPIO_Config                        0x08001078   Section        0  bsp_led.o(i.LED_GPIO_Config)
    i.MemManage_Handler                      0x080010d8   Section        0  stm32f10x_it.o(i.MemManage_Handler)
    i.NMI_Handler                            0x080010dc   Section        0  stm32f10x_it.o(i.NMI_Handler)
    i.NVIC_Configuration                     0x080010de   Section        0  bsp_usart.o(i.NVIC_Configuration)
    NVIC_Configuration                       0x080010df   Thumb Code    38  bsp_usart.o(i.NVIC_Configuration)
    i.NVIC_Init                              0x08001104   Section        0  misc.o(i.NVIC_Init)
    i.NVIC_PriorityGroupConfig               0x08001174   Section        0  misc.o(i.NVIC_PriorityGroupConfig)
    i.OS_Tick_AcknowledgeIRQ                 0x08001188   Section        0  os_systick.o(i.OS_Tick_AcknowledgeIRQ)
    i.RCC_APB2PeriphClockCmd                 0x08001190   Section        0  stm32f10x_rcc.o(i.RCC_APB2PeriphClockCmd)
    i.RCC_GetClocksFreq                      0x080011b0   Section        0  stm32f10x_rcc.o(i.RCC_GetClocksFreq)
    i.SPI_Cmd                                0x08001284   Section        0  stm32f10x_spi.o(i.SPI_Cmd)
    i.SPI_FLASH_BufferRead                   0x0800129c   Section        0  bsp_spi_flash.o(i.SPI_FLASH_BufferRead)
    i.SPI_FLASH_BufferWrite                  0x080012ec   Section        0  bsp_spi_flash.o(i.SPI_FLASH_BufferWrite)
    i.SPI_FLASH_Init                         0x08001410   Section        0  bsp_spi_flash.o(i.SPI_FLASH_Init)
    i.SPI_FLASH_PageWrite                    0x080014d0   Section        0  bsp_spi_flash.o(i.SPI_FLASH_PageWrite)
    i.SPI_FLASH_ReadDeviceID                 0x0800156c   Section        0  bsp_spi_flash.o(i.SPI_FLASH_ReadDeviceID)
    i.SPI_FLASH_ReadID                       0x080015a8   Section        0  bsp_spi_flash.o(i.SPI_FLASH_ReadID)
    i.SPI_FLASH_SectorErase                  0x080015f8   Section        0  bsp_spi_flash.o(i.SPI_FLASH_SectorErase)
    i.SPI_FLASH_SendByte                     0x0800163c   Section        0  bsp_spi_flash.o(i.SPI_FLASH_SendByte)
    i.SPI_FLASH_WaitForWriteEnd              0x080016b4   Section        0  bsp_spi_flash.o(i.SPI_FLASH_WaitForWriteEnd)
    i.SPI_FLASH_WriteEnable                  0x080016e8   Section        0  bsp_spi_flash.o(i.SPI_FLASH_WriteEnable)
    i.SPI_I2S_GetFlagStatus                  0x08001708   Section        0  stm32f10x_spi.o(i.SPI_I2S_GetFlagStatus)
    i.SPI_I2S_ReceiveData                    0x0800171a   Section        0  stm32f10x_spi.o(i.SPI_I2S_ReceiveData)
    i.SPI_I2S_SendData                       0x08001720   Section        0  stm32f10x_spi.o(i.SPI_I2S_SendData)
    i.SPI_Init                               0x08001724   Section        0  stm32f10x_spi.o(i.SPI_Init)
    i.SPI_TIMEOUT_UserCallback               0x08001760   Section        0  bsp_spi_flash.o(i.SPI_TIMEOUT_UserCallback)
    SPI_TIMEOUT_UserCallback                 0x08001761   Thumb Code    16  bsp_spi_flash.o(i.SPI_TIMEOUT_UserCallback)
    i.SetSysClock                            0x080017a0   Section        0  system_stm32f10x.o(i.SetSysClock)
    SetSysClock                              0x080017a1   Thumb Code     8  system_stm32f10x.o(i.SetSysClock)
    i.SetSysClockTo72                        0x080017a8   Section        0  system_stm32f10x.o(i.SetSysClockTo72)
    SetSysClockTo72                          0x080017a9   Thumb Code   214  system_stm32f10x.o(i.SetSysClockTo72)
    i.SystemInit                             0x08001888   Section        0  system_stm32f10x.o(i.SystemInit)
    i.USART1_IRQHandler                      0x080018e8   Section        0  stm32f10x_it.o(i.USART1_IRQHandler)
    i.USART_Cmd                              0x0800190c   Section        0  stm32f10x_usart.o(i.USART_Cmd)
    i.USART_Config                           0x08001924   Section        0  bsp_usart.o(i.USART_Config)
    i.USART_GetFlagStatus                    0x080019b4   Section        0  stm32f10x_usart.o(i.USART_GetFlagStatus)
    i.USART_GetITStatus                      0x080019ce   Section        0  stm32f10x_usart.o(i.USART_GetITStatus)
    i.USART_ITConfig                         0x08001a22   Section        0  stm32f10x_usart.o(i.USART_ITConfig)
    i.USART_Init                             0x08001a6c   Section        0  stm32f10x_usart.o(i.USART_Init)
    i.USART_ReceiveData                      0x08001b44   Section        0  stm32f10x_usart.o(i.USART_ReceiveData)
    i.USART_SendData                         0x08001b4e   Section        0  stm32f10x_usart.o(i.USART_SendData)
    i.UsageFault_Handler                     0x08001b56   Section        0  stm32f10x_it.o(i.UsageFault_Handler)
    i.__0printf$5                            0x08001b5c   Section        0  printf5.o(i.__0printf$5)
    i.__scatterload_copy                     0x08001b7c   Section       14  handlers.o(i.__scatterload_copy)
    i.__scatterload_null                     0x08001b8a   Section        2  handlers.o(i.__scatterload_null)
    i.__scatterload_zeroinit                 0x08001b8c   Section       14  handlers.o(i.__scatterload_zeroinit)
    i._is_digit                              0x08001b9a   Section        0  scanf_fp.o(i._is_digit)
    i._printf_core                           0x08001ba8   Section        0  printf5.o(i._printf_core)
    _printf_core                             0x08001ba9   Thumb Code   660  printf5.o(i._printf_core)
    i.check                                  0x08001e68   Section        0  main.o(i.check)
    i.dataAnalysis                           0x08001ea4   Section        0  main.o(i.dataAnalysis)
    i.fputc                                  0x08001f94   Section        0  bsp_usart.o(i.fputc)
    i.hex2str                                0x08001fb8   Section        0  main.o(i.hex2str)
    hex2str                                  0x08001fb9   Thumb Code    48  main.o(i.hex2str)
    i.isr_queue_get                          0x08001fe8   Section        0  rtx_system.o(i.isr_queue_get)
    isr_queue_get                            0x08001fe9   Thumb Code    46  rtx_system.o(i.isr_queue_get)
    i.main                                   0x0800201c   Section        0  main.o(i.main)
    i.osRtxErrorNotify                       0x08002268   Section        0  rtx_config.o(i.osRtxErrorNotify)
    i.osRtxKernelGetState                    0x08002288   Section        0  rtx_thread.o(i.osRtxKernelGetState)
    osRtxKernelGetState                      0x08002289   Thumb Code     6  rtx_thread.o(i.osRtxKernelGetState)
    i.osRtxMutexOwnerRestore                 0x08002294   Section        0  rtx_mutex.o(i.osRtxMutexOwnerRestore)
    i.osRtxPendSV_Handler                    0x080022e4   Section        0  rtx_system.o(i.osRtxPendSV_Handler)
    i.osRtxThreadBlock                       0x0800236c   Section        0  rtx_thread.o(i.osRtxThreadBlock)
    osRtxThreadBlock                         0x0800236d   Thumb Code    58  rtx_thread.o(i.osRtxThreadBlock)
    i.osRtxThreadDelayTick                   0x080023ac   Section        0  rtx_thread.o(i.osRtxThreadDelayTick)
    i.osRtxThreadDispatch                    0x080024dc   Section        0  rtx_thread.o(i.osRtxThreadDispatch)
    i.osRtxThreadGetRunning                  0x08002548   Section        0  rtx_thread.o(i.osRtxThreadGetRunning)
    osRtxThreadGetRunning                    0x08002549   Thumb Code     6  rtx_thread.o(i.osRtxThreadGetRunning)
    i.osRtxThreadListPut                     0x08002554   Section        0  rtx_thread.o(i.osRtxThreadListPut)
    i.osRtxThreadListRemove                  0x08002580   Section        0  rtx_thread.o(i.osRtxThreadListRemove)
    i.osRtxThreadListRoot                    0x0800259a   Section        0  rtx_thread.o(i.osRtxThreadListRoot)
    osRtxThreadListRoot                      0x0800259b   Thumb Code    16  rtx_thread.o(i.osRtxThreadListRoot)
    i.osRtxThreadListSort                    0x080025aa   Section        0  rtx_thread.o(i.osRtxThreadListSort)
    i.osRtxThreadReadyPut                    0x080025d4   Section        0  rtx_thread.o(i.osRtxThreadReadyPut)
    i.osRtxThreadRegPtr                      0x080025ec   Section        0  rtx_thread.o(i.osRtxThreadRegPtr)
    i.osRtxThreadStackCheck                  0x080025fc   Section        0  rtx_thread.o(i.osRtxThreadStackCheck)
    i.osRtxThreadSwitch                      0x08002628   Section        0  rtx_thread.o(i.osRtxThreadSwitch)
    i.osRtxTick_Handler                      0x08002644   Section        0  rtx_system.o(i.osRtxTick_Handler)
    .constdata                               0x080026e4   Section      100  rtx_lib.o(.constdata)
    os_idle_thread_attr                      0x080026e4   Data          36  rtx_lib.o(.constdata)
    os_timer_thread_attr                     0x08002708   Data          36  rtx_lib.o(.constdata)
    os_timer_mq_attr                         0x0800272c   Data          24  rtx_lib.o(.constdata)
    .constdata                               0x08002748   Section       64  ctype_c.o(.constdata)
    .conststring                             0x08002788   Section       84  main.o(.conststring)
    .conststrlit                             0x080027dc   Section       11  rtx_kernel.o(.conststrlit)
    .rodata                                  0x080027e8   Section      160  rtx_lib.o(.rodata)
    __tagsym$$used                           0x080027e8   Number         0  rtx_lib.o(.rodata)
    __tagsym$$used                           0x08002850   Number         0  rtx_lib.o(.rodata)
    .bss.os                                  0x20000000   Section    32832  rtx_lib.o(.bss.os)
    os_mem                                   0x20000000   Data       32768  rtx_lib.o(.bss.os)
    os_isr_queue                             0x20008000   Data          64  rtx_lib.o(.bss.os)
    .bss.os.msgqueue.cb                      0x20008040   Section       52  rtx_lib.o(.bss.os.msgqueue.cb)
    os_timer_mq_cb                           0x20008040   Data          52  rtx_lib.o(.bss.os.msgqueue.cb)
    .bss.os.msgqueue.mem                     0x20008074   Section       80  rtx_lib.o(.bss.os.msgqueue.mem)
    os_timer_mq_data                         0x20008074   Data          80  rtx_lib.o(.bss.os.msgqueue.mem)
    .bss.os.thread.cb                        0x200080c4   Section      136  rtx_lib.o(.bss.os.thread.cb)
    os_idle_thread_cb                        0x200080c4   Data          68  rtx_lib.o(.bss.os.thread.cb)
    os_timer_thread_cb                       0x20008108   Data          68  rtx_lib.o(.bss.os.thread.cb)
    .bss.os.thread.stack                     0x20008150   Section     1024  rtx_lib.o(.bss.os.thread.stack)
    os_idle_thread_stack                     0x20008150   Data         512  rtx_lib.o(.bss.os.thread.stack)
    os_timer_thread_stack                    0x20008350   Data         512  rtx_lib.o(.bss.os.thread.stack)
    .data                                    0x20008550   Section       20  stm32f10x_rcc.o(.data)
    APBAHBPrescTable                         0x20008550   Data          16  stm32f10x_rcc.o(.data)
    ADCPrescTable                            0x20008560   Data           4  stm32f10x_rcc.o(.data)
    .data                                    0x20008568   Section       66  main.o(.data)
    .data                                    0x200085ac   Section        4  bsp_spi_flash.o(.data)
    SPITimeout                               0x200085ac   Data           4  bsp_spi_flash.o(.data)
    .data                                    0x200085b0   Section        4  stdout.o(.data)
    .data.os                                 0x200085b4   Section      164  rtx_kernel.o(.data.os)
    .bss                                     0x20008658   Section      158  main.o(.bss)
    STACK                                    0x200086f8   Section     1024  startup_stm32f10x_hd.o(STACK)

    Global Symbols

    Symbol Name                              Value     Ov Type        Size  Object(Section)

    BuildAttributes$$THM_ISAv4$P$D$K$B$S$PE$A:L22UL41UL21$X:L11$S22US41US21$IEEE1$IW$USESV6$~STKCKD$USESV7$~SHL$OTIME$ROPI$EBA8$MICROLIB$REQ8$PRES8$EABIv2 0x00000000   Number         0  anon$$obj.o ABSOLUTE
    __ARM_use_no_argv                        0x00000000   Number         0  main.o ABSOLUTE
    _printf_a                                0x00000000   Number         0  stubs.o ABSOLUTE
    _printf_c                                0x00000000   Number         0  stubs.o ABSOLUTE
    _printf_charcount                        0x00000000   Number         0  stubs.o ABSOLUTE
    _printf_d                                0x00000000   Number         0  stubs.o ABSOLUTE
    _printf_e                                0x00000000   Number         0  stubs.o ABSOLUTE
    _printf_f                                0x00000000   Number         0  stubs.o ABSOLUTE
    _printf_flags                            0x00000000   Number         0  stubs.o ABSOLUTE
    _printf_fp_dec                           0x00000000   Number         0  stubs.o ABSOLUTE
    _printf_fp_hex                           0x00000000   Number         0  stubs.o ABSOLUTE
    _printf_g                                0x00000000   Number         0  stubs.o ABSOLUTE
    _printf_i                                0x00000000   Number         0  stubs.o ABSOLUTE
    _printf_int_dec                          0x00000000   Number         0  stubs.o ABSOLUTE
    _printf_l                                0x00000000   Number         0  stubs.o ABSOLUTE
    _printf_lc                               0x00000000   Number         0  stubs.o ABSOLUTE
    _printf_ll                               0x00000000   Number         0  stubs.o ABSOLUTE
    _printf_lld                              0x00000000   Number         0  stubs.o ABSOLUTE
    _printf_lli                              0x00000000   Number         0  stubs.o ABSOLUTE
    _printf_llo                              0x00000000   Number         0  stubs.o ABSOLUTE
    _printf_llu                              0x00000000   Number         0  stubs.o ABSOLUTE
    _printf_llx                              0x00000000   Number         0  stubs.o ABSOLUTE
    _printf_longlong_dec                     0x00000000   Number         0  stubs.o ABSOLUTE
    _printf_longlong_hex                     0x00000000   Number         0  stubs.o ABSOLUTE
    _printf_longlong_oct                     0x00000000   Number         0  stubs.o ABSOLUTE
    _printf_ls                               0x00000000   Number         0  stubs.o ABSOLUTE
    _printf_mbtowc                           0x00000000   Number         0  stubs.o ABSOLUTE
    _printf_n                                0x00000000   Number         0  stubs.o ABSOLUTE
    _printf_o                                0x00000000   Number         0  stubs.o ABSOLUTE
    _printf_p                                0x00000000   Number         0  stubs.o ABSOLUTE
    _printf_percent                          0x00000000   Number         0  stubs.o ABSOLUTE
    _printf_pre_padding                      0x00000000   Number         0  stubs.o ABSOLUTE
    _printf_return_value                     0x00000000   Number         0  stubs.o ABSOLUTE
    _printf_s                                0x00000000   Number         0  stubs.o ABSOLUTE
    _printf_sizespec                         0x00000000   Number         0  stubs.o ABSOLUTE
    _printf_str                              0x00000000   Number         0  stubs.o ABSOLUTE
    _printf_truncate_signed                  0x00000000   Number         0  stubs.o ABSOLUTE
    _printf_truncate_unsigned                0x00000000   Number         0  stubs.o ABSOLUTE
    _printf_u                                0x00000000   Number         0  stubs.o ABSOLUTE
    _printf_wc                               0x00000000   Number         0  stubs.o ABSOLUTE
    _printf_wctomb                           0x00000000   Number         0  stubs.o ABSOLUTE
    _printf_widthprec                        0x00000000   Number         0  stubs.o ABSOLUTE
    _printf_x                                0x00000000   Number         0  stubs.o ABSOLUTE
    .bss.os.evflags.cb$$Base                  - Undefined Weak Reference
    .bss.os.evflags.cb$$Limit                 - Undefined Weak Reference
    .bss.os.mempool.cb$$Base                  - Undefined Weak Reference
    .bss.os.mempool.cb$$Limit                 - Undefined Weak Reference
    .bss.os.mutex.cb$$Base                    - Undefined Weak Reference
    .bss.os.mutex.cb$$Limit                   - Undefined Weak Reference
    .bss.os.semaphore.cb$$Base                - Undefined Weak Reference
    .bss.os.semaphore.cb$$Limit               - Undefined Weak Reference
    .bss.os.timer.cb$$Base                    - Undefined Weak Reference
    .bss.os.timer.cb$$Limit                   - Undefined Weak Reference
    __arm_fini_                               - Undefined Weak Reference
    __cpp_initialize__aeabi_                  - Undefined Weak Reference
    __cxa_finalize                            - Undefined Weak Reference
    _clock_init                               - Undefined Weak Reference
    _microlib_exit                            - Undefined Weak Reference
    _scanf_int                                - Undefined Weak Reference
    _scanf_longlong                           - Undefined Weak Reference
    _scanf_string                             - Undefined Weak Reference
    __Vectors_Size                           0x00000130   Number         0  startup_stm32f10x_hd.o ABSOLUTE
    __Vectors                                0x08000000   Data           4  startup_stm32f10x_hd.o(RESET)
    __Vectors_End                            0x08000130   Data           0  startup_stm32f10x_hd.o(RESET)
    __main                                   0x08000131   Thumb Code     0  entry.o(.ARM.Collect$$$$00000000)
    _main_stk                                0x08000131   Thumb Code     0  entry2.o(.ARM.Collect$$$$00000001)
    _main_scatterload                        0x08000135   Thumb Code     0  entry5.o(.ARM.Collect$$$$00000004)
    __main_after_scatterload                 0x08000139   Thumb Code     0  entry5.o(.ARM.Collect$$$$00000004)
    _main_clock                              0x08000139   Thumb Code     0  entry7b.o(.ARM.Collect$$$$00000008)
    _main_cpp_init                           0x08000139   Thumb Code     0  entry8b.o(.ARM.Collect$$$$0000000A)
    _main_init                               0x08000139   Thumb Code     0  entry9a.o(.ARM.Collect$$$$0000000B)
    __rt_lib_shutdown_fini                   0x08000141   Thumb Code     0  entry12b.o(.ARM.Collect$$$$0000000E)
    __rt_final_cpp                           0x08000145   Thumb Code     0  entry10a.o(.ARM.Collect$$$$0000000F)
    __rt_final_exit                          0x08000145   Thumb Code     0  entry11a.o(.ARM.Collect$$$$00000011)
    __asm___12_rtx_system_c_024f2f18__atomic_wr8 0x08000149   Thumb Code    16  rtx_system.o(.emb_text)
    __asm___12_rtx_system_c_024f2f18__atomic_set32 0x08000159   Thumb Code    20  rtx_system.o(.emb_text)
    __asm___12_rtx_system_c_024f2f18__atomic_clr32 0x0800016d   Thumb Code    22  rtx_system.o(.emb_text)
    __asm___12_rtx_system_c_024f2f18__atomic_chk32_all 0x08000183   Thumb Code    38  rtx_system.o(.emb_text)
    __asm___12_rtx_system_c_024f2f18__atomic_chk32_any 0x080001a9   Thumb Code    34  rtx_system.o(.emb_text)
    __asm___12_rtx_system_c_024f2f18__atomic_inc32 0x080001cb   Thumb Code    18  rtx_system.o(.emb_text)
    __asm___12_rtx_system_c_024f2f18__atomic_inc16_lt 0x080001dd   Thumb Code    30  rtx_system.o(.emb_text)
    __asm___12_rtx_system_c_024f2f18__atomic_inc16_lim 0x080001fb   Thumb Code    26  rtx_system.o(.emb_text)
    __asm___12_rtx_system_c_024f2f18__atomic_dec32 0x08000215   Thumb Code    18  rtx_system.o(.emb_text)
    __asm___12_rtx_system_c_024f2f18__atomic_dec32_nz 0x08000227   Thumb Code    26  rtx_system.o(.emb_text)
    __asm___12_rtx_system_c_024f2f18__atomic_dec16_nz 0x08000241   Thumb Code    26  rtx_system.o(.emb_text)
    __asm___12_rtx_system_c_024f2f18__atomic_link_get 0x0800025b   Thumb Code    26  rtx_system.o(.emb_text)
    __asm___12_rtx_system_c_024f2f18__atomic_link_put 0x08000275   Thumb Code    28  rtx_system.o(.emb_text)
    Reset_Handler                            0x08000291   Thumb Code     8  startup_stm32f10x_hd.o(.text)
    ADC1_2_IRQHandler                        0x080002ab   Thumb Code     0  startup_stm32f10x_hd.o(.text)
    ADC3_IRQHandler                          0x080002ab   Thumb Code     0  startup_stm32f10x_hd.o(.text)
    CAN1_RX1_IRQHandler                      0x080002ab   Thumb Code     0  startup_stm32f10x_hd.o(.text)
    CAN1_SCE_IRQHandler                      0x080002ab   Thumb Code     0  startup_stm32f10x_hd.o(.text)
    DMA1_Channel1_IRQHandler                 0x080002ab   Thumb Code     0  startup_stm32f10x_hd.o(.text)
    DMA1_Channel2_IRQHandler                 0x080002ab   Thumb Code     0  startup_stm32f10x_hd.o(.text)
    DMA1_Channel3_IRQHandler                 0x080002ab   Thumb Code     0  startup_stm32f10x_hd.o(.text)
    DMA1_Channel4_IRQHandler                 0x080002ab   Thumb Code     0  startup_stm32f10x_hd.o(.text)
    DMA1_Channel5_IRQHandler                 0x080002ab   Thumb Code     0  startup_stm32f10x_hd.o(.text)
    DMA1_Channel6_IRQHandler                 0x080002ab   Thumb Code     0  startup_stm32f10x_hd.o(.text)
    DMA1_Channel7_IRQHandler                 0x080002ab   Thumb Code     0  startup_stm32f10x_hd.o(.text)
    DMA2_Channel1_IRQHandler                 0x080002ab   Thumb Code     0  startup_stm32f10x_hd.o(.text)
    DMA2_Channel2_IRQHandler                 0x080002ab   Thumb Code     0  startup_stm32f10x_hd.o(.text)
    DMA2_Channel3_IRQHandler                 0x080002ab   Thumb Code     0  startup_stm32f10x_hd.o(.text)
    DMA2_Channel4_5_IRQHandler               0x080002ab   Thumb Code     0  startup_stm32f10x_hd.o(.text)
    EXTI0_IRQHandler                         0x080002ab   Thumb Code     0  startup_stm32f10x_hd.o(.text)
    EXTI15_10_IRQHandler                     0x080002ab   Thumb Code     0  startup_stm32f10x_hd.o(.text)
    EXTI1_IRQHandler                         0x080002ab   Thumb Code     0  startup_stm32f10x_hd.o(.text)
    EXTI2_IRQHandler                         0x080002ab   Thumb Code     0  startup_stm32f10x_hd.o(.text)
    EXTI3_IRQHandler                         0x080002ab   Thumb Code     0  startup_stm32f10x_hd.o(.text)
    EXTI4_IRQHandler                         0x080002ab   Thumb Code     0  startup_stm32f10x_hd.o(.text)
    EXTI9_5_IRQHandler                       0x080002ab   Thumb Code     0  startup_stm32f10x_hd.o(.text)
    FLASH_IRQHandler                         0x080002ab   Thumb Code     0  startup_stm32f10x_hd.o(.text)
    FSMC_IRQHandler                          0x080002ab   Thumb Code     0  startup_stm32f10x_hd.o(.text)
    I2C1_ER_IRQHandler                       0x080002ab   Thumb Code     0  startup_stm32f10x_hd.o(.text)
    I2C1_EV_IRQHandler                       0x080002ab   Thumb Code     0  startup_stm32f10x_hd.o(.text)
    I2C2_ER_IRQHandler                       0x080002ab   Thumb Code     0  startup_stm32f10x_hd.o(.text)
    I2C2_EV_IRQHandler                       0x080002ab   Thumb Code     0  startup_stm32f10x_hd.o(.text)
    PVD_IRQHandler                           0x080002ab   Thumb Code     0  startup_stm32f10x_hd.o(.text)
    RCC_IRQHandler                           0x080002ab   Thumb Code     0  startup_stm32f10x_hd.o(.text)
    RTCAlarm_IRQHandler                      0x080002ab   Thumb Code     0  startup_stm32f10x_hd.o(.text)
    RTC_IRQHandler                           0x080002ab   Thumb Code     0  startup_stm32f10x_hd.o(.text)
    SDIO_IRQHandler                          0x080002ab   Thumb Code     0  startup_stm32f10x_hd.o(.text)
    SPI1_IRQHandler                          0x080002ab   Thumb Code     0  startup_stm32f10x_hd.o(.text)
    SPI2_IRQHandler                          0x080002ab   Thumb Code     0  startup_stm32f10x_hd.o(.text)
    SPI3_IRQHandler                          0x080002ab   Thumb Code     0  startup_stm32f10x_hd.o(.text)
    TAMPER_IRQHandler                        0x080002ab   Thumb Code     0  startup_stm32f10x_hd.o(.text)
    TIM1_BRK_IRQHandler                      0x080002ab   Thumb Code     0  startup_stm32f10x_hd.o(.text)
    TIM1_CC_IRQHandler                       0x080002ab   Thumb Code     0  startup_stm32f10x_hd.o(.text)
    TIM1_TRG_COM_IRQHandler                  0x080002ab   Thumb Code     0  startup_stm32f10x_hd.o(.text)
    TIM1_UP_IRQHandler                       0x080002ab   Thumb Code     0  startup_stm32f10x_hd.o(.text)
    TIM2_IRQHandler                          0x080002ab   Thumb Code     0  startup_stm32f10x_hd.o(.text)
    TIM3_IRQHandler                          0x080002ab   Thumb Code     0  startup_stm32f10x_hd.o(.text)
    TIM4_IRQHandler                          0x080002ab   Thumb Code     0  startup_stm32f10x_hd.o(.text)
    TIM5_IRQHandler                          0x080002ab   Thumb Code     0  startup_stm32f10x_hd.o(.text)
    TIM6_IRQHandler                          0x080002ab   Thumb Code     0  startup_stm32f10x_hd.o(.text)
    TIM7_IRQHandler                          0x080002ab   Thumb Code     0  startup_stm32f10x_hd.o(.text)
    TIM8_BRK_IRQHandler                      0x080002ab   Thumb Code     0  startup_stm32f10x_hd.o(.text)
    TIM8_CC_IRQHandler                       0x080002ab   Thumb Code     0  startup_stm32f10x_hd.o(.text)
    TIM8_TRG_COM_IRQHandler                  0x080002ab   Thumb Code     0  startup_stm32f10x_hd.o(.text)
    TIM8_UP_IRQHandler                       0x080002ab   Thumb Code     0  startup_stm32f10x_hd.o(.text)
    UART4_IRQHandler                         0x080002ab   Thumb Code     0  startup_stm32f10x_hd.o(.text)
    UART5_IRQHandler                         0x080002ab   Thumb Code     0  startup_stm32f10x_hd.o(.text)
    USART2_IRQHandler                        0x080002ab   Thumb Code     0  startup_stm32f10x_hd.o(.text)
    USART3_IRQHandler                        0x080002ab   Thumb Code     0  startup_stm32f10x_hd.o(.text)
    USBWakeUp_IRQHandler                     0x080002ab   Thumb Code     0  startup_stm32f10x_hd.o(.text)
    USB_HP_CAN1_TX_IRQHandler                0x080002ab   Thumb Code     0  startup_stm32f10x_hd.o(.text)
    USB_LP_CAN1_RX0_IRQHandler               0x080002ab   Thumb Code     0  startup_stm32f10x_hd.o(.text)
    WWDG_IRQHandler                          0x080002ab   Thumb Code     0  startup_stm32f10x_hd.o(.text)
    SVC_Handler                              0x080002b5   Thumb Code   108  irq_cm3.o(.text)
    PendSV_Handler                           0x08000321   Thumb Code    16  irq_cm3.o(.text)
    SysTick_Handler                          0x08000331   Thumb Code    16  irq_cm3.o(.text)
    __0sscanf                                0x08000349   Thumb Code    48  __0sscanf.o(.text)
    _scanf_real                              0x080004a9   Thumb Code     0  scanf_fp.o(.text)
    _scanf_really_real                       0x080004a9   Thumb Code   556  scanf_fp.o(.text)
    __aeabi_uldivmod                         0x080006e1   Thumb Code    98  uldiv.o(.text)
    __vfscanf_char                           0x08000751   Thumb Code    20  scanf_char.o(.text)
    _sgetc                                   0x0800076d   Thumb Code    30  _sgetc.o(.text)
    _sbackspace                              0x0800078b   Thumb Code    34  _sgetc.o(.text)
    __I$use$fp                               0x080007ad   Thumb Code     0  iusefp.o(.text)
    __aeabi_dmul                             0x080007ad   Thumb Code   228  dmul.o(.text)
    __aeabi_ddiv                             0x08000891   Thumb Code   222  ddiv.o(.text)
    __aeabi_ul2d                             0x0800096f   Thumb Code    24  dfltul.o(.text)
    __aeabi_d2f                              0x08000987   Thumb Code    56  d2f.o(.text)
    __scatterload                            0x080009c1   Thumb Code    28  init.o(.text)
    __scatterload_rt2                        0x080009c1   Thumb Code     0  init.o(.text)
    __aeabi_llsl                             0x080009e5   Thumb Code    30  llshl.o(.text)
    _ll_shift_l                              0x080009e5   Thumb Code     0  llshl.o(.text)
    __aeabi_llsr                             0x08000a03   Thumb Code    32  llushr.o(.text)
    _ll_ushift_r                             0x08000a03   Thumb Code     0  llushr.o(.text)
    isspace                                  0x08000a23   Thumb Code    10  isspace_c.o(.text)
    __vfscanf                                0x08000a2d   Thumb Code   810  _scanf.o(.text)
    _float_round                             0x08000d5d   Thumb Code    18  fepilogue.o(.text)
    _float_epilogue                          0x08000d6f   Thumb Code    92  fepilogue.o(.text)
    _double_round                            0x08000dcb   Thumb Code    30  depilogue.o(.text)
    _double_epilogue                         0x08000de9   Thumb Code   156  depilogue.o(.text)
    __ctype_lookup                           0x08000e85   Thumb Code    34  ctype_c.o(.text)
    __decompress                             0x08000ead   Thumb Code     0  __dczerorl2.o(.text)
    __decompress1                            0x08000ead   Thumb Code    86  __dczerorl2.o(.text)
    Buffercmp                                0x08000f03   Thumb Code    36  main.o(i.Buffercmp)
    BusFault_Handler                         0x08000f27   Thumb Code     4  stm32f10x_it.o(i.BusFault_Handler)
    DebugMon_Handler                         0x08000f2b   Thumb Code     2  stm32f10x_it.o(i.DebugMon_Handler)
    Delay                                    0x08000f2d   Thumb Code    18  main.o(i.Delay)
    EvrRtxDelayCompleted                     0x08000f3f   Thumb Code     2  rtx_evr.o(i.EvrRtxDelayCompleted)
    EvrRtxEventFlagsWaitTimeout              0x08000f41   Thumb Code     2  rtx_evr.o(i.EvrRtxEventFlagsWaitTimeout)
    EvrRtxMemoryPoolAllocTimeout             0x08000f43   Thumb Code     2  rtx_evr.o(i.EvrRtxMemoryPoolAllocTimeout)
    EvrRtxMessageQueueGetTimeout             0x08000f45   Thumb Code     2  rtx_evr.o(i.EvrRtxMessageQueueGetTimeout)
    EvrRtxMessageQueuePutTimeout             0x08000f47   Thumb Code     2  rtx_evr.o(i.EvrRtxMessageQueuePutTimeout)
    EvrRtxMutexAcquireTimeout                0x08000f49   Thumb Code     2  rtx_evr.o(i.EvrRtxMutexAcquireTimeout)
    EvrRtxSemaphoreAcquireTimeout            0x08000f4b   Thumb Code     2  rtx_evr.o(i.EvrRtxSemaphoreAcquireTimeout)
    EvrRtxThreadFlagsWaitTimeout             0x08000f4d   Thumb Code     2  rtx_evr.o(i.EvrRtxThreadFlagsWaitTimeout)
    EvrRtxThreadPreempted                    0x08000f4f   Thumb Code     2  rtx_evr.o(i.EvrRtxThreadPreempted)
    EvrRtxThreadSwitched                     0x08000f51   Thumb Code     2  rtx_evr.o(i.EvrRtxThreadSwitched)
    EvrRtxThreadUnblocked                    0x08000f53   Thumb Code     2  rtx_evr.o(i.EvrRtxThreadUnblocked)
    GPIO_Init                                0x08000f55   Thumb Code   278  stm32f10x_gpio.o(i.GPIO_Init)
    GPIO_ResetBits                           0x0800106b   Thumb Code     4  stm32f10x_gpio.o(i.GPIO_ResetBits)
    GPIO_SetBits                             0x0800106f   Thumb Code     4  stm32f10x_gpio.o(i.GPIO_SetBits)
    HardFault_Handler                        0x08001073   Thumb Code     4  stm32f10x_it.o(i.HardFault_Handler)
    LED_GPIO_Config                          0x08001079   Thumb Code    90  bsp_led.o(i.LED_GPIO_Config)
    MemManage_Handler                        0x080010d9   Thumb Code     4  stm32f10x_it.o(i.MemManage_Handler)
    NMI_Handler                              0x080010dd   Thumb Code     2  stm32f10x_it.o(i.NMI_Handler)
    NVIC_Init                                0x08001105   Thumb Code   100  misc.o(i.NVIC_Init)
    NVIC_PriorityGroupConfig                 0x08001175   Thumb Code    10  misc.o(i.NVIC_PriorityGroupConfig)
    OS_Tick_AcknowledgeIRQ                   0x08001189   Thumb Code     8  os_systick.o(i.OS_Tick_AcknowledgeIRQ)
    RCC_APB2PeriphClockCmd                   0x08001191   Thumb Code    26  stm32f10x_rcc.o(i.RCC_APB2PeriphClockCmd)
    RCC_GetClocksFreq                        0x080011b1   Thumb Code   192  stm32f10x_rcc.o(i.RCC_GetClocksFreq)
    SPI_Cmd                                  0x08001285   Thumb Code    24  stm32f10x_spi.o(i.SPI_Cmd)
    SPI_FLASH_BufferRead                     0x0800129d   Thumb Code    76  bsp_spi_flash.o(i.SPI_FLASH_BufferRead)
    SPI_FLASH_BufferWrite                    0x080012ed   Thumb Code   290  bsp_spi_flash.o(i.SPI_FLASH_BufferWrite)
    SPI_FLASH_Init                           0x08001411   Thumb Code   178  bsp_spi_flash.o(i.SPI_FLASH_Init)
    SPI_FLASH_PageWrite                      0x080014d1   Thumb Code    98  bsp_spi_flash.o(i.SPI_FLASH_PageWrite)
    SPI_FLASH_ReadDeviceID                   0x0800156d   Thumb Code    56  bsp_spi_flash.o(i.SPI_FLASH_ReadDeviceID)
    SPI_FLASH_ReadID                         0x080015a9   Thumb Code    74  bsp_spi_flash.o(i.SPI_FLASH_ReadID)
    SPI_FLASH_SectorErase                    0x080015f9   Thumb Code    62  bsp_spi_flash.o(i.SPI_FLASH_SectorErase)
    SPI_FLASH_SendByte                       0x0800163d   Thumb Code   110  bsp_spi_flash.o(i.SPI_FLASH_SendByte)
    SPI_FLASH_WaitForWriteEnd                0x080016b5   Thumb Code    46  bsp_spi_flash.o(i.SPI_FLASH_WaitForWriteEnd)
    SPI_FLASH_WriteEnable                    0x080016e9   Thumb Code    26  bsp_spi_flash.o(i.SPI_FLASH_WriteEnable)
    SPI_I2S_GetFlagStatus                    0x08001709   Thumb Code    18  stm32f10x_spi.o(i.SPI_I2S_GetFlagStatus)
    SPI_I2S_ReceiveData                      0x0800171b   Thumb Code     6  stm32f10x_spi.o(i.SPI_I2S_ReceiveData)
    SPI_I2S_SendData                         0x08001721   Thumb Code     4  stm32f10x_spi.o(i.SPI_I2S_SendData)
    SPI_Init                                 0x08001725   Thumb Code    60  stm32f10x_spi.o(i.SPI_Init)
    SystemInit                               0x08001889   Thumb Code    78  system_stm32f10x.o(i.SystemInit)
    USART1_IRQHandler                        0x080018e9   Thumb Code    30  stm32f10x_it.o(i.USART1_IRQHandler)
    USART_Cmd                                0x0800190d   Thumb Code    24  stm32f10x_usart.o(i.USART_Cmd)
    USART_Config                             0x08001925   Thumb Code   136  bsp_usart.o(i.USART_Config)
    USART_GetFlagStatus                      0x080019b5   Thumb Code    26  stm32f10x_usart.o(i.USART_GetFlagStatus)
    USART_GetITStatus                        0x080019cf   Thumb Code    84  stm32f10x_usart.o(i.USART_GetITStatus)
    USART_ITConfig                           0x08001a23   Thumb Code    74  stm32f10x_usart.o(i.USART_ITConfig)
    USART_Init                               0x08001a6d   Thumb Code   210  stm32f10x_usart.o(i.USART_Init)
    USART_ReceiveData                        0x08001b45   Thumb Code    10  stm32f10x_usart.o(i.USART_ReceiveData)
    USART_SendData                           0x08001b4f   Thumb Code     8  stm32f10x_usart.o(i.USART_SendData)
    UsageFault_Handler                       0x08001b57   Thumb Code     4  stm32f10x_it.o(i.UsageFault_Handler)
    __0printf$5                              0x08001b5d   Thumb Code    22  printf5.o(i.__0printf$5)
    __1printf$5                              0x08001b5d   Thumb Code     0  printf5.o(i.__0printf$5)
    __2printf                                0x08001b5d   Thumb Code     0  printf5.o(i.__0printf$5)
    __scatterload_copy                       0x08001b7d   Thumb Code    14  handlers.o(i.__scatterload_copy)
    __scatterload_null                       0x08001b8b   Thumb Code     2  handlers.o(i.__scatterload_null)
    __scatterload_zeroinit                   0x08001b8d   Thumb Code    14  handlers.o(i.__scatterload_zeroinit)
    _is_digit                                0x08001b9b   Thumb Code    14  scanf_fp.o(i._is_digit)
    check                                    0x08001e69   Thumb Code    58  main.o(i.check)
    dataAnalysis                             0x08001ea5   Thumb Code   200  main.o(i.dataAnalysis)
    fputc                                    0x08001f95   Thumb Code    32  bsp_usart.o(i.fputc)
    main                                     0x0800201d   Thumb Code   264  main.o(i.main)
    osRtxErrorNotify                         0x08002269   Thumb Code    32  rtx_config.o(i.osRtxErrorNotify)
    osRtxMutexOwnerRestore                   0x08002295   Thumb Code    80  rtx_mutex.o(i.osRtxMutexOwnerRestore)
    osRtxPendSV_Handler                      0x080022e5   Thumb Code   130  rtx_system.o(i.osRtxPendSV_Handler)
    osRtxThreadDelayTick                     0x080023ad   Thumb Code   298  rtx_thread.o(i.osRtxThreadDelayTick)
    osRtxThreadDispatch                      0x080024dd   Thumb Code   102  rtx_thread.o(i.osRtxThreadDispatch)
    osRtxThreadListPut                       0x08002555   Thumb Code    44  rtx_thread.o(i.osRtxThreadListPut)
    osRtxThreadListRemove                    0x08002581   Thumb Code    26  rtx_thread.o(i.osRtxThreadListRemove)
    osRtxThreadListSort                      0x080025ab   Thumb Code    42  rtx_thread.o(i.osRtxThreadListSort)
    osRtxThreadReadyPut                      0x080025d5   Thumb Code    18  rtx_thread.o(i.osRtxThreadReadyPut)
    osRtxThreadRegPtr                        0x080025ed   Thumb Code    14  rtx_thread.o(i.osRtxThreadRegPtr)
    osRtxThreadStackCheck                    0x080025fd   Thumb Code    38  rtx_thread.o(i.osRtxThreadStackCheck)
    osRtxThreadSwitch                        0x08002629   Thumb Code    24  rtx_thread.o(i.osRtxThreadSwitch)
    osRtxTick_Handler                        0x08002645   Thumb Code   154  rtx_system.o(i.osRtxTick_Handler)
    osRtxUserSVC                             0x08002744   Data           4  rtx_lib.o(.constdata)
    __ctype_categories                       0x08002748   Data          64  ctype_c.o(.constdata)
    osRtxConfig                              0x080027e8   Data         104  rtx_lib.o(.rodata)
    os_cb_sections                           0x08002850   Data          56  rtx_lib.o(.rodata)
    Region$$Table$$Base                      0x08002888   Number         0  anon$$obj.o(Region$$Table)
    Region$$Table$$Limit                     0x080028a8   Number         0  anon$$obj.o(Region$$Table)
    .bss.os.msgqueue.cb$$Base                0x20008040   Number         0  rtx_lib.o(.bss.os.msgqueue.cb)
    .bss.os.msgqueue.cb$$Limit               0x20008074   Number         0  rtx_lib.o(.bss.os.msgqueue.cb)
    .bss.os.thread.cb$$Base                  0x200080c4   Number         0  rtx_lib.o(.bss.os.thread.cb)
    .bss.os.thread.cb$$Limit                 0x2000814c   Number         0  rtx_lib.o(.bss.os.thread.cb)
    Tx_Buffer                                0x20008568   Data          28  main.o(.data)
    DeviceID                                 0x20008584   Data           4  main.o(.data)
    FlashID                                  0x20008588   Data           4  main.o(.data)
    TransferStatus1                          0x2000858c   Data           1  main.o(.data)
    fff                                      0x20008590   Data           8  main.o(.data)
    fff1                                     0x20008598   Data           8  main.o(.data)
    k3                                       0x200085a0   Data           4  main.o(.data)
    k4                                       0x200085a4   Data           6  main.o(.data)
    __stdout                                 0x200085b0   Data           4  stdout.o(.data)
    osRtxInfo                                0x200085b4   Data         164  rtx_kernel.o(.data.os)
    r                                        0x20008658   Data         131  main.o(.bss)
    Rx_Buffer                                0x200086db   Data          27  main.o(.bss)
    __initial_sp                             0x20008af8   Data           0  startup_stm32f10x_hd.o(STACK)



==============================================================================

Memory Map of the image

  Image Entry point : 0x08000131

  Load Region LR_IROM1 (Base: 0x08000000, Size: 0x0000af00, Max: 0x00080000, ABSOLUTE, COMPRESSED[0x000029f8])

    Execution Region ER_IROM1 (Exec base: 0x08000000, Load base: 0x08000000, Size: 0x000028a8, Max: 0x00080000, ABSOLUTE)

    Exec Addr    Load Addr    Size         Type   Attr      Idx    E Section Name        Object

    0x08000000   0x08000000   0x00000130   Data   RO            3    RESET               startup_stm32f10x_hd.o
    0x08000130   0x08000130   0x00000000   Code   RO         6603  * .ARM.Collect$$$$00000000  mc_w.l(entry.o)
    0x08000130   0x08000130   0x00000004   Code   RO         6879    .ARM.Collect$$$$00000001  mc_w.l(entry2.o)
    0x08000134   0x08000134   0x00000004   Code   RO         6882    .ARM.Collect$$$$00000004  mc_w.l(entry5.o)
    0x08000138   0x08000138   0x00000000   Code   RO         6884    .ARM.Collect$$$$00000008  mc_w.l(entry7b.o)
    0x08000138   0x08000138   0x00000000   Code   RO         6886    .ARM.Collect$$$$0000000A  mc_w.l(entry8b.o)
    0x08000138   0x08000138   0x00000008   Code   RO         6887    .ARM.Collect$$$$0000000B  mc_w.l(entry9a.o)
    0x08000140   0x08000140   0x00000004   Code   RO         6894    .ARM.Collect$$$$0000000E  mc_w.l(entry12b.o)
    0x08000144   0x08000144   0x00000000   Code   RO         6889    .ARM.Collect$$$$0000000F  mc_w.l(entry10a.o)
    0x08000144   0x08000144   0x00000000   Code   RO         6891    .ARM.Collect$$$$00000011  mc_w.l(entry11a.o)
    0x08000144   0x08000144   0x00000004   Code   RO         6880    .ARM.Collect$$$$00002712  mc_w.l(entry2.o)
    0x08000148   0x08000148   0x00000148   Code   RO         5902    .emb_text           rtx_system.o
    0x08000290   0x08000290   0x00000024   Code   RO            4    .text               startup_stm32f10x_hd.o
    0x080002b4   0x080002b4   0x00000094   Code   RO         3736    .text               irq_cm3.o
    0x08000348   0x08000348   0x00000038   Code   RO         6873    .text               mc_w.l(__0sscanf.o)
    0x08000380   0x08000380   0x00000360   Code   RO         6875    .text               mc_w.l(scanf_fp.o)
    0x080006e0   0x080006e0   0x00000062   Code   RO         6898    .text               mc_w.l(uldiv.o)
    0x08000742   0x08000742   0x00000002   PAD
    0x08000744   0x08000744   0x00000028   Code   RO         6900    .text               mc_w.l(scanf_char.o)
    0x0800076c   0x0800076c   0x00000040   Code   RO         6902    .text               mc_w.l(_sgetc.o)
    0x080007ac   0x080007ac   0x00000000   Code   RO         6904    .text               mc_w.l(iusefp.o)
    0x080007ac   0x080007ac   0x000000e4   Code   RO         6907    .text               mf_w.l(dmul.o)
    0x08000890   0x08000890   0x000000de   Code   RO         6909    .text               mf_w.l(ddiv.o)
    0x0800096e   0x0800096e   0x00000018   Code   RO         6911    .text               mf_w.l(dfltul.o)
    0x08000986   0x08000986   0x00000038   Code   RO         6917    .text               mf_w.l(d2f.o)
    0x080009be   0x080009be   0x00000002   PAD
    0x080009c0   0x080009c0   0x00000024   Code   RO         6919    .text               mc_w.l(init.o)
    0x080009e4   0x080009e4   0x0000001e   Code   RO         6921    .text               mc_w.l(llshl.o)
    0x08000a02   0x08000a02   0x00000020   Code   RO         6923    .text               mc_w.l(llushr.o)
    0x08000a22   0x08000a22   0x0000000a   Code   RO         6927    .text               mc_w.l(isspace_c.o)
    0x08000a2c   0x08000a2c   0x00000330   Code   RO         6929    .text               mc_w.l(_scanf.o)
    0x08000d5c   0x08000d5c   0x0000006e   Code   RO         6931    .text               mf_w.l(fepilogue.o)
    0x08000dca   0x08000dca   0x000000ba   Code   RO         6933    .text               mf_w.l(depilogue.o)
    0x08000e84   0x08000e84   0x00000028   Code   RO         6935    .text               mc_w.l(ctype_c.o)
    0x08000eac   0x08000eac   0x00000056   Code   RO         6946    .text               mc_w.l(__dczerorl2.o)
    0x08000f02   0x08000f02   0x00000024   Code   RO         3415    i.Buffercmp         main.o
    0x08000f26   0x08000f26   0x00000004   Code   RO         3489    i.BusFault_Handler  stm32f10x_it.o
    0x08000f2a   0x08000f2a   0x00000002   Code   RO         3490    i.DebugMon_Handler  stm32f10x_it.o
    0x08000f2c   0x08000f2c   0x00000012   Code   RO         3416    i.Delay             main.o
    0x08000f3e   0x08000f3e   0x00000002   Code   RO         3975    i.EvrRtxDelayCompleted  rtx_evr.o
    0x08000f40   0x08000f40   0x00000002   Code   RO         3995    i.EvrRtxEventFlagsWaitTimeout  rtx_evr.o
    0x08000f42   0x08000f42   0x00000002   Code   RO         4027    i.EvrRtxMemoryPoolAllocTimeout  rtx_evr.o
    0x08000f44   0x08000f44   0x00000002   Code   RO         4053    i.EvrRtxMessageQueueGetTimeout  rtx_evr.o
    0x08000f46   0x08000f46   0x00000002   Code   RO         4061    i.EvrRtxMessageQueuePutTimeout  rtx_evr.o
    0x08000f48   0x08000f48   0x00000002   Code   RO         4067    i.EvrRtxMutexAcquireTimeout  rtx_evr.o
    0x08000f4a   0x08000f4a   0x00000002   Code   RO         4081    i.EvrRtxSemaphoreAcquireTimeout  rtx_evr.o
    0x08000f4c   0x08000f4c   0x00000002   Code   RO         4111    i.EvrRtxThreadFlagsWaitTimeout  rtx_evr.o
    0x08000f4e   0x08000f4e   0x00000002   Code   RO         4123    i.EvrRtxThreadPreempted  rtx_evr.o
    0x08000f50   0x08000f50   0x00000002   Code   RO         4130    i.EvrRtxThreadSwitched  rtx_evr.o
    0x08000f52   0x08000f52   0x00000002   Code   RO         4132    i.EvrRtxThreadUnblocked  rtx_evr.o
    0x08000f54   0x08000f54   0x00000116   Code   RO         1467    i.GPIO_Init         stm32f10x_gpio.o
    0x0800106a   0x0800106a   0x00000004   Code   RO         1474    i.GPIO_ResetBits    stm32f10x_gpio.o
    0x0800106e   0x0800106e   0x00000004   Code   RO         1475    i.GPIO_SetBits      stm32f10x_gpio.o
    0x08001072   0x08001072   0x00000004   Code   RO         3491    i.HardFault_Handler  stm32f10x_it.o
    0x08001076   0x08001076   0x00000002   PAD
    0x08001078   0x08001078   0x00000060   Code   RO         3593    i.LED_GPIO_Config   bsp_led.o
    0x080010d8   0x080010d8   0x00000004   Code   RO         3492    i.MemManage_Handler  stm32f10x_it.o
    0x080010dc   0x080010dc   0x00000002   Code   RO         3493    i.NMI_Handler       stm32f10x_it.o
    0x080010de   0x080010de   0x00000026   Code   RO         3552    i.NVIC_Configuration  bsp_usart.o
    0x08001104   0x08001104   0x00000070   Code   RO          140    i.NVIC_Init         misc.o
    0x08001174   0x08001174   0x00000014   Code   RO          141    i.NVIC_PriorityGroupConfig  misc.o
    0x08001188   0x08001188   0x00000008   Code   RO         6502    i.OS_Tick_AcknowledgeIRQ  os_systick.o
    0x08001190   0x08001190   0x00000020   Code   RO         1933    i.RCC_APB2PeriphClockCmd  stm32f10x_rcc.o
    0x080011b0   0x080011b0   0x000000d4   Code   RO         1941    i.RCC_GetClocksFreq  stm32f10x_rcc.o
    0x08001284   0x08001284   0x00000018   Code   RO         2446    i.SPI_Cmd           stm32f10x_spi.o
    0x0800129c   0x0800129c   0x00000050   Code   RO         3617    i.SPI_FLASH_BufferRead  bsp_spi_flash.o
    0x080012ec   0x080012ec   0x00000122   Code   RO         3618    i.SPI_FLASH_BufferWrite  bsp_spi_flash.o
    0x0800140e   0x0800140e   0x00000002   PAD
    0x08001410   0x08001410   0x000000c0   Code   RO         3620    i.SPI_FLASH_Init    bsp_spi_flash.o
    0x080014d0   0x080014d0   0x0000009c   Code   RO         3621    i.SPI_FLASH_PageWrite  bsp_spi_flash.o
    0x0800156c   0x0800156c   0x0000003c   Code   RO         3623    i.SPI_FLASH_ReadDeviceID  bsp_spi_flash.o
    0x080015a8   0x080015a8   0x00000050   Code   RO         3624    i.SPI_FLASH_ReadID  bsp_spi_flash.o
    0x080015f8   0x080015f8   0x00000044   Code   RO         3625    i.SPI_FLASH_SectorErase  bsp_spi_flash.o
    0x0800163c   0x0800163c   0x00000078   Code   RO         3626    i.SPI_FLASH_SendByte  bsp_spi_flash.o
    0x080016b4   0x080016b4   0x00000034   Code   RO         3629    i.SPI_FLASH_WaitForWriteEnd  bsp_spi_flash.o
    0x080016e8   0x080016e8   0x00000020   Code   RO         3630    i.SPI_FLASH_WriteEnable  bsp_spi_flash.o
    0x08001708   0x08001708   0x00000012   Code   RO         2454    i.SPI_I2S_GetFlagStatus  stm32f10x_spi.o
    0x0800171a   0x0800171a   0x00000006   Code   RO         2457    i.SPI_I2S_ReceiveData  stm32f10x_spi.o
    0x08001720   0x08001720   0x00000004   Code   RO         2458    i.SPI_I2S_SendData  stm32f10x_spi.o
    0x08001724   0x08001724   0x0000003c   Code   RO         2459    i.SPI_Init          stm32f10x_spi.o
    0x08001760   0x08001760   0x00000040   Code   RO         3633    i.SPI_TIMEOUT_UserCallback  bsp_spi_flash.o
    0x080017a0   0x080017a0   0x00000008   Code   RO           24    i.SetSysClock       system_stm32f10x.o
    0x080017a8   0x080017a8   0x000000e0   Code   RO           25    i.SetSysClockTo72   system_stm32f10x.o
    0x08001888   0x08001888   0x00000060   Code   RO           27    i.SystemInit        system_stm32f10x.o
    0x080018e8   0x080018e8   0x00000024   Code   RO         3494    i.USART1_IRQHandler  stm32f10x_it.o
    0x0800190c   0x0800190c   0x00000018   Code   RO         3161    i.USART_Cmd         stm32f10x_usart.o
    0x08001924   0x08001924   0x00000090   Code   RO         3553    i.USART_Config      bsp_usart.o
    0x080019b4   0x080019b4   0x0000001a   Code   RO         3164    i.USART_GetFlagStatus  stm32f10x_usart.o
    0x080019ce   0x080019ce   0x00000054   Code   RO         3165    i.USART_GetITStatus  stm32f10x_usart.o
    0x08001a22   0x08001a22   0x0000004a   Code   RO         3167    i.USART_ITConfig    stm32f10x_usart.o
    0x08001a6c   0x08001a6c   0x000000d8   Code   RO         3168    i.USART_Init        stm32f10x_usart.o
    0x08001b44   0x08001b44   0x0000000a   Code   RO         3175    i.USART_ReceiveData  stm32f10x_usart.o
    0x08001b4e   0x08001b4e   0x00000008   Code   RO         3178    i.USART_SendData    stm32f10x_usart.o
    0x08001b56   0x08001b56   0x00000004   Code   RO         3495    i.UsageFault_Handler  stm32f10x_it.o
    0x08001b5a   0x08001b5a   0x00000002   PAD
    0x08001b5c   0x08001b5c   0x00000020   Code   RO         6745    i.__0printf$5       mc_w.l(printf5.o)
    0x08001b7c   0x08001b7c   0x0000000e   Code   RO         6940    i.__scatterload_copy  mc_w.l(handlers.o)
    0x08001b8a   0x08001b8a   0x00000002   Code   RO         6941    i.__scatterload_null  mc_w.l(handlers.o)
    0x08001b8c   0x08001b8c   0x0000000e   Code   RO         6942    i.__scatterload_zeroinit  mc_w.l(handlers.o)
    0x08001b9a   0x08001b9a   0x0000000e   Code   RO         6877    i._is_digit         mc_w.l(scanf_fp.o)
    0x08001ba8   0x08001ba8   0x000002c0   Code   RO         6752    i._printf_core      mc_w.l(printf5.o)
    0x08001e68   0x08001e68   0x0000003a   Code   RO         3417    i.check             main.o
    0x08001ea2   0x08001ea2   0x00000002   PAD
    0x08001ea4   0x08001ea4   0x000000f0   Code   RO         3418    i.dataAnalysis      main.o
    0x08001f94   0x08001f94   0x00000024   Code   RO         3555    i.fputc             bsp_usart.o
    0x08001fb8   0x08001fb8   0x00000030   Code   RO         3419    i.hex2str           main.o
    0x08001fe8   0x08001fe8   0x00000034   Code   RO         5903    i.isr_queue_get     rtx_system.o
    0x0800201c   0x0800201c   0x0000024c   Code   RO         3420    i.main              main.o
    0x08002268   0x08002268   0x00000020   Code   RO         6576    i.osRtxErrorNotify  rtx_config.o
    0x08002288   0x08002288   0x0000000c   Code   RO         5965    i.osRtxKernelGetState  rtx_thread.o
    0x08002294   0x08002294   0x00000050   Code   RO         5678    i.osRtxMutexOwnerRestore  rtx_mutex.o
    0x080022e4   0x080022e4   0x00000088   Code   RO         5905    i.osRtxPendSV_Handler  rtx_system.o
    0x0800236c   0x0800236c   0x00000040   Code   RO         5966    i.osRtxThreadBlock  rtx_thread.o
    0x080023ac   0x080023ac   0x00000130   Code   RO         5969    i.osRtxThreadDelayTick  rtx_thread.o
    0x080024dc   0x080024dc   0x0000006c   Code   RO         5970    i.osRtxThreadDispatch  rtx_thread.o
    0x08002548   0x08002548   0x0000000c   Code   RO         5972    i.osRtxThreadGetRunning  rtx_thread.o
    0x08002554   0x08002554   0x0000002c   Code   RO         5974    i.osRtxThreadListPut  rtx_thread.o
    0x08002580   0x08002580   0x0000001a   Code   RO         5975    i.osRtxThreadListRemove  rtx_thread.o
    0x0800259a   0x0800259a   0x00000010   Code   RO         5976    i.osRtxThreadListRoot  rtx_thread.o
    0x080025aa   0x080025aa   0x0000002a   Code   RO         5977    i.osRtxThreadListSort  rtx_thread.o
    0x080025d4   0x080025d4   0x00000018   Code   RO         5980    i.osRtxThreadReadyPut  rtx_thread.o
    0x080025ec   0x080025ec   0x0000000e   Code   RO         5981    i.osRtxThreadRegPtr  rtx_thread.o
    0x080025fa   0x080025fa   0x00000002   PAD
    0x080025fc   0x080025fc   0x0000002c   Code   RO         5983    i.osRtxThreadStackCheck  rtx_thread.o
    0x08002628   0x08002628   0x0000001c   Code   RO         5985    i.osRtxThreadSwitch  rtx_thread.o
    0x08002644   0x08002644   0x000000a0   Code   RO         5907    i.osRtxTick_Handler  rtx_system.o
    0x080026e4   0x080026e4   0x00000064   Data   RO         5246    .constdata          rtx_lib.o
    0x08002748   0x08002748   0x00000040   Data   RO         6936    .constdata          mc_w.l(ctype_c.o)
    0x08002788   0x08002788   0x00000054   Data   RO         3422    .conststring        main.o
    0x080027dc   0x080027dc   0x0000000b   Data   RO         5057    .conststrlit        rtx_kernel.o
    0x080027e7   0x080027e7   0x00000001   PAD
    0x080027e8   0x080027e8   0x000000a0   Data   RO         5248    .rodata             rtx_lib.o
    0x08002888   0x08002888   0x00000020   Data   RO         6938    Region$$Table       anon$$obj.o


    Execution Region RW_IRAM1 (Exec base: 0x20000000, Load base: 0x080028a8, Size: 0x00008af8, Max: 0x00010000, ABSOLUTE, COMPRESSED[0x00000150])

    Exec Addr    Load Addr    Size         Type   Attr      Idx    E Section Name        Object

    0x20000000   COMPRESSED   0x00008040   Data   RW         5241    .bss.os             rtx_lib.o
    0x20008040   COMPRESSED   0x00000034   Data   RW         5242    .bss.os.msgqueue.cb  rtx_lib.o
    0x20008074   COMPRESSED   0x00000050   Data   RW         5243    .bss.os.msgqueue.mem  rtx_lib.o
    0x200080c4   COMPRESSED   0x00000088   Data   RW         5244    .bss.os.thread.cb   rtx_lib.o
    0x2000814c   COMPRESSED   0x00000004   PAD
    0x20008150   COMPRESSED   0x00000400   Data   RW         5245    .bss.os.thread.stack  rtx_lib.o
    0x20008550   COMPRESSED   0x00000014   Data   RW         1961    .data               stm32f10x_rcc.o
    0x20008564   COMPRESSED   0x00000004   PAD
    0x20008568   COMPRESSED   0x00000042   Data   RW         3423    .data               main.o
    0x200085aa   COMPRESSED   0x00000002   PAD
    0x200085ac   COMPRESSED   0x00000004   Data   RW         3634    .data               bsp_spi_flash.o
    0x200085b0   COMPRESSED   0x00000004   Data   RW         6895    .data               mc_w.l(stdout.o)
    0x200085b4   COMPRESSED   0x000000a4   Data   RW         5058    .data.os            rtx_kernel.o
    0x20008658        -       0x0000009e   Zero   RW         3421    .bss                main.o
    0x200086f6   COMPRESSED   0x00000002   PAD
    0x200086f8        -       0x00000400   Zero   RW            1    STACK               startup_stm32f10x_hd.o


==============================================================================

Image component sizes


      Code (inc. data)   RO Data    RW Data    ZI Data      Debug   Object Name

        96          6          0          0          0        534   bsp_led.o
      1194        162          0          4          0       7591   bsp_spi_flash.o
       218         12          0          0          0       1675   bsp_usart.o
         0          0          0          0          0       4508   core_cm3.o
       148         10          0          0          0        576   irq_cm3.o
       988        364         84         66        158       6330   main.o
       132         22          0          0          0     206455   misc.o
         8          0          0          0          0        457   os_systick.o
        32          6          0          0          0        555   rtx_config.o
         0          0          0          0          0      10823   rtx_delay.o
        22          0          0          0          0       5492   rtx_evr.o
         0          0         11        164          0       7373   rtx_kernel.o
         0          0        260      34124          0       8850   rtx_lib.o
        80          0          0          0          0       1561   rtx_mutex.o
       676         28          0          0          0       6046   rtx_system.o
       738         46          0          0          0      14154   rtx_thread.o
        36          8        304          0       1024        868   startup_stm32f10x_hd.o
       286          0          0          0          0       3056   stm32f10x_gpio.o
        56          6          0          0          0       3137   stm32f10x_it.o
       244         26          0         20          0       3889   stm32f10x_rcc.o
       112          0          0          0          0       3866   stm32f10x_spi.o
       442          6          0          0          0       6205   stm32f10x_usart.o
       328         28          0          0          0      32277   system_stm32f10x.o

    ----------------------------------------------------------------------
      5846        730        692      34388       1184     336278   Object Totals
         0          0         32          0          0          0   (incl. Generated)
        10          0          1         10          2          0   (incl. Padding)

    ----------------------------------------------------------------------

      Code (inc. data)   RO Data    RW Data    ZI Data      Debug   Library Member Name

        56          8          0          0          0         84   __0sscanf.o
        86          0          0          0          0          0   __dczerorl2.o
       816          6          0          0          0        112   _scanf.o
        64          0          0          0          0         84   _sgetc.o
        40          6         64          0          0         68   ctype_c.o
         0          0          0          0          0          0   entry.o
         0          0          0          0          0          0   entry10a.o
         0          0          0          0          0          0   entry11a.o
         4          0          0          0          0          0   entry12b.o
         8          4          0          0          0          0   entry2.o
         4          0          0          0          0          0   entry5.o
         0          0          0          0          0          0   entry7b.o
         0          0          0          0          0          0   entry8b.o
         8          4          0          0          0          0   entry9a.o
        30          0          0          0          0          0   handlers.o
        36          8          0          0          0         68   init.o
        10          0          0          0          0         68   isspace_c.o
         0          0          0          0          0          0   iusefp.o
        30          0          0          0          0         68   llshl.o
        32          0          0          0          0         68   llushr.o
       736         54          0          0          0        184   printf5.o
        40          8          0          0          0         84   scanf_char.o
       878         12          0          0          0        216   scanf_fp.o
         0          0          0          4          0          0   stdout.o
        98          0          0          0          0         92   uldiv.o
        56          0          0          0          0         88   d2f.o
       222          0          0          0          0        100   ddiv.o
       186          0          0          0          0        176   depilogue.o
        24          0          0          0          0         76   dfltul.o
       228          0          0          0          0         96   dmul.o
       110          0          0          0          0        168   fepilogue.o

    ----------------------------------------------------------------------
      3806        110         64          4          0       1900   Library Totals
         4          0          0          0          0          0   (incl. Padding)

    ----------------------------------------------------------------------

      Code (inc. data)   RO Data    RW Data    ZI Data      Debug   Library Name

      2976        110         64          4          0       1196   mc_w.l
       826          0          0          0          0        704   mf_w.l

    ----------------------------------------------------------------------
      3806        110         64          4          0       1900   Library Totals

    ----------------------------------------------------------------------

==============================================================================


      Code (inc. data)   RO Data    RW Data    ZI Data      Debug   

      9652        840        756      34392       1184     333470   Grand Totals
      9652        840        756        336       1184     333470   ELF Image Totals (compressed)
      9652        840        756        336          0          0   ROM Totals

==============================================================================

    Total RO  Size (Code + RO Data)                10408 (  10.16kB)
    Total RW  Size (RW Data + ZI Data)             35576 (  34.74kB)
    Total ROM Size (Code + RO Data + RW Data)      10744 (  10.49kB)

==============================================================================

